../Core/Src/main.c:158:14:FloatToStrInt	24	static
../Core/Src/main.c:179:13:MenuAction_ShowTime	4	static
../Core/Src/main.c:185:13:MenuAction_ShowSensor	4	static
../Core/Src/main.c:191:13:MenuAction_ShowSport	4	static
../Core/Src/main.c:197:13:MenuAction_ShowSystem	4	static
../Core/Src/main.c:203:13:MenuAction_SetTime	4	static
../Core/Src/main.c:209:13:MenuAction_ResetSteps	40	static
../Core/Src/main.c:218:13:MenuAction_About	4	static
../Core/Src/main.c:227:6:RenderMenu	16	static
../Core/Src/main.c:281:6:ProcessMenuEvent	32	static
../Core/Src/main.c:340:6:ProcessMenu	24	static
../Core/Src/main.c:379:6:RenderPage	64	static
../Core/Src/main.c:449:5:main	48	static
../Core/Src/main.c:505:6:SystemClock_Config	72	static
../Core/Src/main.c:530:6:vTask_TimeKeep	24	static
../Core/Src/main.c:549:6:vTask_Sensor	216	static
../Core/Src/main.c:601:6:vTask_Display	64	static
../Core/Src/main.c:640:6:vTask_Menu	48	static
../Core/Src/main.c:694:6:vTask_Bluetooth	56	static
../Core/Src/main.c:718:6:HAL_TIM_PeriodElapsedCallback	16	static
../Core/Src/main.c:725:6:Error_Handler	4	static,ignoring_inline_asm
