../Core/Src/stm32f1xx_it.c:62:6:NMI_Handler	4	static
../Core/Src/stm32f1xx_it.c:77:6:HardFault_Handler	4	static
../Core/Src/stm32f1xx_it.c:92:6:MemManage_Handler	4	static
../Core/Src/stm32f1xx_it.c:107:6:BusFault_Handler	4	static
../Core/Src/stm32f1xx_it.c:122:6:UsageFault_Handler	4	static
../Core/Src/stm32f1xx_it.c:137:6:DebugMon_Handler	4	static
../Core/Src/stm32f1xx_it.c:156:6:TIM1_UP_IRQHandler	8	static
../Core/Src/stm32f1xx_it.c:170:6:TIM2_IRQHandler	8	static
../Core/Src/stm32f1xx_it.c:184:6:USART1_IRQHandler	8	static
../Core/Src/stm32f1xx_it.c:198:6:EXTI15_10_IRQHandler	8	static
