Archive member included to satisfy reference by file (symbol)

C:/ST/STM32CubeIDE_1.17.0/STM32CubeIDE/plugins/com.st.stm32cube.ide.mcu.externaltools.gnu-tools-for-stm32.12.3.rel1.win32_1.1.0.202410251130/tools/bin/../lib/gcc/arm-none-eabi/12.3.1/../../../../arm-none-eabi/lib/thumb/v7-m/nofp\libc_nano.a(libc_a-exit.o)
                              C:/ST/STM32CubeIDE_1.17.0/STM32CubeIDE/plugins/com.st.stm32cube.ide.mcu.externaltools.gnu-tools-for-stm32.12.3.rel1.win32_1.1.0.202410251130/tools/bin/../lib/gcc/arm-none-eabi/12.3.1/../../../../arm-none-eabi/lib/thumb/v7-m/nofp/crt0.o (exit)
C:/ST/STM32CubeIDE_1.17.0/STM32CubeIDE/plugins/com.st.stm32cube.ide.mcu.externaltools.gnu-tools-for-stm32.12.3.rel1.win32_1.1.0.202410251130/tools/bin/../lib/gcc/arm-none-eabi/12.3.1/../../../../arm-none-eabi/lib/thumb/v7-m/nofp\libc_nano.a(libc_a-findfp.o)
                              ./Middlewares/Third_Party/FreeRTOS/Source/tasks.o (__sf)
C:/ST/STM32CubeIDE_1.17.0/STM32CubeIDE/plugins/com.st.stm32cube.ide.mcu.externaltools.gnu-tools-for-stm32.12.3.rel1.win32_1.1.0.202410251130/tools/bin/../lib/gcc/arm-none-eabi/12.3.1/../../../../arm-none-eabi/lib/thumb/v7-m/nofp\libc_nano.a(libc_a-fwalk.o)
                              C:/ST/STM32CubeIDE_1.17.0/STM32CubeIDE/plugins/com.st.stm32cube.ide.mcu.externaltools.gnu-tools-for-stm32.12.3.rel1.win32_1.1.0.202410251130/tools/bin/../lib/gcc/arm-none-eabi/12.3.1/../../../../arm-none-eabi/lib/thumb/v7-m/nofp\libc_nano.a(libc_a-findfp.o) (_fwalk_sglue)
C:/ST/STM32CubeIDE_1.17.0/STM32CubeIDE/plugins/com.st.stm32cube.ide.mcu.externaltools.gnu-tools-for-stm32.12.3.rel1.win32_1.1.0.202410251130/tools/bin/../lib/gcc/arm-none-eabi/12.3.1/../../../../arm-none-eabi/lib/thumb/v7-m/nofp\libc_nano.a(libc_a-sprintf.o)
                              ./Core/Src/main.o (sprintf)
C:/ST/STM32CubeIDE_1.17.0/STM32CubeIDE/plugins/com.st.stm32cube.ide.mcu.externaltools.gnu-tools-for-stm32.12.3.rel1.win32_1.1.0.202410251130/tools/bin/../lib/gcc/arm-none-eabi/12.3.1/../../../../arm-none-eabi/lib/thumb/v7-m/nofp\libc_nano.a(libc_a-sscanf.o)
                              ./Core/Src/main.o (sscanf)
C:/ST/STM32CubeIDE_1.17.0/STM32CubeIDE/plugins/com.st.stm32cube.ide.mcu.externaltools.gnu-tools-for-stm32.12.3.rel1.win32_1.1.0.202410251130/tools/bin/../lib/gcc/arm-none-eabi/12.3.1/../../../../arm-none-eabi/lib/thumb/v7-m/nofp\libc_nano.a(libc_a-stdio.o)
                              C:/ST/STM32CubeIDE_1.17.0/STM32CubeIDE/plugins/com.st.stm32cube.ide.mcu.externaltools.gnu-tools-for-stm32.12.3.rel1.win32_1.1.0.202410251130/tools/bin/../lib/gcc/arm-none-eabi/12.3.1/../../../../arm-none-eabi/lib/thumb/v7-m/nofp\libc_nano.a(libc_a-findfp.o) (__sread)
C:/ST/STM32CubeIDE_1.17.0/STM32CubeIDE/plugins/com.st.stm32cube.ide.mcu.externaltools.gnu-tools-for-stm32.12.3.rel1.win32_1.1.0.202410251130/tools/bin/../lib/gcc/arm-none-eabi/12.3.1/../../../../arm-none-eabi/lib/thumb/v7-m/nofp\libc_nano.a(libc_a-memset.o)
                              C:/ST/STM32CubeIDE_1.17.0/STM32CubeIDE/plugins/com.st.stm32cube.ide.mcu.externaltools.gnu-tools-for-stm32.12.3.rel1.win32_1.1.0.202410251130/tools/bin/../lib/gcc/arm-none-eabi/12.3.1/../../../../arm-none-eabi/lib/thumb/v7-m/nofp/crt0.o (memset)
C:/ST/STM32CubeIDE_1.17.0/STM32CubeIDE/plugins/com.st.stm32cube.ide.mcu.externaltools.gnu-tools-for-stm32.12.3.rel1.win32_1.1.0.202410251130/tools/bin/../lib/gcc/arm-none-eabi/12.3.1/../../../../arm-none-eabi/lib/thumb/v7-m/nofp\libc_nano.a(libc_a-strstr.o)
                              ./Core/Src/main.o (strstr)
C:/ST/STM32CubeIDE_1.17.0/STM32CubeIDE/plugins/com.st.stm32cube.ide.mcu.externaltools.gnu-tools-for-stm32.12.3.rel1.win32_1.1.0.202410251130/tools/bin/../lib/gcc/arm-none-eabi/12.3.1/../../../../arm-none-eabi/lib/thumb/v7-m/nofp\libc_nano.a(libc_a-closer.o)
                              C:/ST/STM32CubeIDE_1.17.0/STM32CubeIDE/plugins/com.st.stm32cube.ide.mcu.externaltools.gnu-tools-for-stm32.12.3.rel1.win32_1.1.0.202410251130/tools/bin/../lib/gcc/arm-none-eabi/12.3.1/../../../../arm-none-eabi/lib/thumb/v7-m/nofp\libc_nano.a(libc_a-stdio.o) (_close_r)
C:/ST/STM32CubeIDE_1.17.0/STM32CubeIDE/plugins/com.st.stm32cube.ide.mcu.externaltools.gnu-tools-for-stm32.12.3.rel1.win32_1.1.0.202410251130/tools/bin/../lib/gcc/arm-none-eabi/12.3.1/../../../../arm-none-eabi/lib/thumb/v7-m/nofp\libc_nano.a(libc_a-reent.o)
                              ./Middlewares/Third_Party/FreeRTOS/Source/tasks.o (_reclaim_reent)
C:/ST/STM32CubeIDE_1.17.0/STM32CubeIDE/plugins/com.st.stm32cube.ide.mcu.externaltools.gnu-tools-for-stm32.12.3.rel1.win32_1.1.0.202410251130/tools/bin/../lib/gcc/arm-none-eabi/12.3.1/../../../../arm-none-eabi/lib/thumb/v7-m/nofp\libc_nano.a(libc_a-impure.o)
                              ./Middlewares/Third_Party/FreeRTOS/Source/tasks.o (_impure_ptr)
[...]
Memory Configuration

Name             Origin             Length             Attributes
RAM              0x20000000         0x00005000         xrw
FLASH            0x08000000         0x00010000         xr
*default*        0x00000000         0xffffffff

Linker script and memory map

LOAD C:/ST/STM32CubeIDE_1.17.0/STM32CubeIDE/plugins/com.st.stm32cube.ide.mcu.externaltools.gnu-tools-for-stm32.12.3.rel1.win32_1.1.0.202410251130/tools/bin/../lib/gcc/arm-none-eabi/12.3.1/thumb/v7-m/nofp/crti.o
LOAD C:/ST/STM32CubeIDE_1.17.0/STM32CubeIDE/plugins/com.st.stm32cube.ide.mcu.externaltools.gnu-tools-for-stm32.12.3.rel1.win32_1.1.0.202410251130/tools/bin/../lib/gcc/arm-none-eabi/12.3.1/thumb/v7-m/nofp/crtbegin.o
LOAD C:/ST/STM32CubeIDE_1.17.0/STM32CubeIDE/plugins/com.st.stm32cube.ide.mcu.externaltools.gnu-tools-for-stm32.12.3.rel1.win32_1.1.0.202410251130/tools/bin/../lib/gcc/arm-none-eabi/12.3.1/../../../../arm-none-eabi/lib/thumb/v7-m/nofp/crt0.o
LOAD ./Core/Src/adc.o
LOAD ./Core/Src/freertos.o
LOAD ./Core/Src/gpio.o
LOAD ./Core/Src/i2c.o
LOAD ./Core/Src/main.o
LOAD ./Core/Src/stm32f1xx_hal_msp.o
LOAD ./Core/Src/stm32f1xx_hal_timebase_tim.o
LOAD ./Core/Src/stm32f1xx_it.o
LOAD ./Core/Src/syscalls.o
LOAD ./Core/Src/sysmem.o
LOAD ./Core/Src/system_stm32f1xx.o
LOAD ./Core/Src/usart.o
LOAD ./Core/Startup/startup_stm32f103c8tx.o
LOAD ./Drivers/STM32F1xx_HAL_Driver/Src/stm32f1xx_hal.o
LOAD ./Drivers/STM32F1xx_HAL_Driver/Src/stm32f1xx_hal_adc.o
LOAD ./Drivers/STM32F1xx_HAL_Driver/Src/stm32f1xx_hal_adc_ex.o
LOAD ./Drivers/STM32F1xx_HAL_Driver/Src/stm32f1xx_hal_cortex.o
LOAD ./Drivers/STM32F1xx_HAL_Driver/Src/stm32f1xx_hal_dma.o
LOAD ./Drivers/STM32F1xx_HAL_Driver/Src/stm32f1xx_hal_exti.o
LOAD ./Drivers/STM32F1xx_HAL_Driver/Src/stm32f1xx_hal_flash.o
LOAD ./Drivers/STM32F1xx_HAL_Driver/Src/stm32f1xx_hal_flash_ex.o
LOAD ./Drivers/STM32F1xx_HAL_Driver/Src/stm32f1xx_hal_gpio.o
LOAD ./Drivers/STM32F1xx_HAL_Driver/Src/stm32f1xx_hal_gpio_ex.o
LOAD ./Drivers/STM32F1xx_HAL_Driver/Src/stm32f1xx_hal_i2c.o
LOAD ./Drivers/STM32F1xx_HAL_Driver/Src/stm32f1xx_hal_pwr.o
LOAD ./Drivers/STM32F1xx_HAL_Driver/Src/stm32f1xx_hal_rcc.o
LOAD ./Drivers/STM32F1xx_HAL_Driver/Src/stm32f1xx_hal_rcc_ex.o
LOAD ./Drivers/STM32F1xx_HAL_Driver/Src/stm32f1xx_hal_tim.o
LOAD ./Drivers/STM32F1xx_HAL_Driver/Src/stm32f1xx_hal_tim_ex.o
LOAD ./Drivers/STM32F1xx_HAL_Driver/Src/stm32f1xx_hal_uart.o
LOAD ./Middlewares/Third_Party/FreeRTOS/Source/CMSIS_RTOS/cmsis_os.o
LOAD ./Middlewares/Third_Party/FreeRTOS/Source/croutine.o
LOAD ./Middlewares/Third_Party/FreeRTOS/Source/event_groups.o
LOAD ./Middlewares/Third_Party/FreeRTOS/Source/list.o
LOAD ./Middlewares/Third_Party/FreeRTOS/Source/queue.o
LOAD ./Middlewares/Third_Party/FreeRTOS/Source/stream_buffer.o
LOAD ./Middlewares/Third_Party/FreeRTOS/Source/tasks.o
LOAD ./Middlewares/Third_Party/FreeRTOS/Source/timers.o
LOAD ./Middlewares/Third_Party/FreeRTOS/Source/portable/GCC/ARM_CM3/port.o
LOAD ./Middlewares/Third_Party/FreeRTOS/Source/portable/MemMang/heap_4.o
START GROUP
LOAD C:/ST/STM32CubeIDE_1.17.0/STM32CubeIDE/plugins/com.st.stm32cube.ide.mcu.externaltools.gnu-tools-for-stm32.12.3.rel1.win32_1.1.0.202410251130/tools/bin/../lib/gcc/arm-none-eabi/12.3.1/../../../../arm-none-eabi/lib/thumb/v7-m/nofp\libc_nano.a
LOAD C:/ST/STM32CubeIDE_1.17.0/STM32CubeIDE/plugins/com.st.stm32cube.ide.mcu.externaltools.gnu-tools-for-stm32.12.3.rel1.win32_1.1.0.202410251130/tools/bin/../lib/gcc/arm-none-eabi/12.3.1/../../../../arm-none-eabi/lib/thumb/v7-m/nofp\libm.a
END GROUP
START GROUP
LOAD C:/ST/STM32CubeIDE_1.17.0/STM32CubeIDE/plugins/com.st.stm32cube.ide.mcu.externaltools.gnu-tools-for-stm32.12.3.rel1.win32_1.1.0.202410251130/tools/bin/../lib/gcc/arm-none-eabi/12.3.1/thumb/v7-m/nofp\libgcc.a
LOAD C:/ST/STM32CubeIDE_1.17.0/STM32CubeIDE/plugins/com.st.stm32cube.ide.mcu.externaltools.gnu-tools-for-stm32.12.3.rel1.win32_1.1.0.202410251130/tools/bin/../lib/gcc/arm-none-eabi/12.3.1/../../../../arm-none-eabi/lib/thumb/v7-m/nofp\libc_nano.a
END GROUP
START GROUP
LOAD C:/ST/STM32CubeIDE_1.17.0/STM32CubeIDE/plugins/com.st.stm32cube.ide.mcu.externaltools.gnu-tools-for-stm32.12.3.rel1.win32_1.1.0.202410251130/tools/bin/../lib/gcc/arm-none-eabi/12.3.1/thumb/v7-m/nofp\libgcc.a
LOAD C:/ST/STM32CubeIDE_1.17.0/STM32CubeIDE/plugins/com.st.stm32cube.ide.mcu.externaltools.gnu-tools-for-stm32.12.3.rel1.win32_1.1.0.202410251130/tools/bin/../lib/gcc/arm-none-eabi/12.3.1/../../../../arm-none-eabi/lib/thumb/v7-m/nofp\libc_nano.a
LOAD C:/ST/STM32CubeIDE_1.17.0/STM32CubeIDE/plugins/com.st.stm32cube.ide.mcu.externaltools.gnu-tools-for-stm32.12.3.rel1.win32_1.1.0.202410251130/tools/bin/../lib/gcc/arm-none-eabi/12.3.1/../../../../arm-none-eabi/lib/thumb/v7-m/nofp\libnosys.a
END GROUP
START GROUP
LOAD C:/ST/STM32CubeIDE_1.17.0/STM32CubeIDE/plugins/com.st.stm32cube.ide.mcu.externaltools.gnu-tools-for-stm32.12.3.rel1.win32_1.1.0.202410251130/tools/bin/../lib/gcc/arm-none-eabi/12.3.1/thumb/v7-m/nofp\libgcc.a
LOAD C:/ST/STM32CubeIDE_1.17.0/STM32CubeIDE/plugins/com.st.stm32cube.ide.mcu.externaltools.gnu-tools-for-stm32.12.3.rel1.win32_1.1.0.202410251130/tools/bin/../lib/gcc/arm-none-eabi/12.3.1/../../../../arm-none-eabi/lib/thumb/v7-m/nofp\libc_nano.a
LOAD C:/ST/STM32CubeIDE_1.17.0/STM32CubeIDE/plugins/com.st.stm32cube.ide.mcu.externaltools.gnu-tools-for-stm32.12.3.rel1.win32_1.1.0.202410251130/tools/bin/../lib/gcc/arm-none-eabi/12.3.1/../../../../arm-none-eabi/lib/thumb/v7-m/nofp\libnosys.a
END GROUP
LOAD C:/ST/STM32CubeIDE_1.17.0/STM32CubeIDE/plugins/com.st.stm32cube.ide.mcu.externaltools.gnu-tools-for-stm32.12.3.rel1.win32_1.1.0.202410251130/tools/bin/../lib/gcc/arm-none-eabi/12.3.1/thumb/v7-m/nofp/crtend.o
LOAD C:/ST/STM32CubeIDE_1.17.0/STM32CubeIDE/plugins/com.st.stm32cube.ide.mcu.externaltools.gnu-tools-for-stm32.12.3.rel1.win32_1.1.0.202410251130/tools/bin/../lib/gcc/arm-none-eabi/12.3.1/thumb/v7-m/nofp/crtn.o
                0x20005000                        _estack = (ORIGIN (RAM) + LENGTH (RAM))
                0x00000200                        _Min_Heap_Size = 0x200
                0x00000400                        _Min_Stack_Size = 0x400

.isr_vector     0x08000000      0x10c
                0x08000000                        . = ALIGN (0x4)
 *(.isr_vector)
 .isr_vector    0x08000000      0x10c ./Core/Startup/startup_stm32f103c8tx.o
                0x08000000                g_pfnVectors
                0x0800010c                        . = ALIGN (0x4)

.text           0x08000110     0x4fec
                0x08000110                        . = ALIGN (0x4)
 *(.text)
 .text          0x08000110       0x40 C:/ST/STM32CubeIDE_1.17.0/STM32CubeIDE/plugins/com.st.stm32cube.ide.mcu.externaltools.gnu-tools-for-stm32.12.3.rel1.win32_1.1.0.202410251130/tools/bin/../lib/gcc/arm-none-eabi/12.3.1/thumb/v7-m/nofp/crtbegin.o
 *(.text*)
 .text.MX_ADC1_Init
                0x08000150       0x7c ./Core/Src/adc.o
                0x08000150                MX_ADC1_Init
 .text.HAL_ADC_MspInit
                0x080001cc       0x78 ./Core/Src/adc.o
                0x080001cc                HAL_ADC_MspInit
 .text.vApplicationGetIdleTaskMemory
                0x08000244       0x30 ./Core/Src/freertos.o
                0x08000244                vApplicationGetIdleTaskMemory
 .text.MX_FREERTOS_Init
                0x08000274       0xe0 ./Core/Src/freertos.o
                0x08000274                MX_FREERTOS_Init
 .text.StartTaskDisplay
                0x08000354       0x10 ./Core/Src/freertos.o
                0x08000354                StartTaskDisplay
 .text.StartTaskSensor
                0x08000364       0x10 ./Core/Src/freertos.o
                0x08000364                StartTaskSensor
 .text.StartTaskBluetooth
                0x08000374       0x10 ./Core/Src/freertos.o
                0x08000374                StartTaskBluetooth
 .text.StartTaskEncoder
                0x08000384       0x10 ./Core/Src/freertos.o
                0x08000384                StartTaskEncoder
 .text.MX_GPIO_Init
                0x08000394       0xd0 ./Core/Src/gpio.o
                0x08000394                MX_GPIO_Init
 .text.HAL_GPIO_EXTI_Callback
                0x08000464       0x1a ./Core/Src/gpio.o
                0x08000464                HAL_GPIO_EXTI_Callback
 *fill*         0x0800047e        0x2 
 .text.MX_I2C1_Init
                0x08000480       0x5c ./Core/Src/i2c.o
                0x08000480                MX_I2C1_Init
 .text.HAL_I2C_MspInit
                0x080004dc       0x7c ./Core/Src/i2c.o
                0x080004dc                HAL_I2C_MspInit
 .text.OLED_WriteCmd
                0x08000558       0x34 ./Core/Src/main.o
 .text.OLED_WriteData
                0x0800058c       0x34 ./Core/Src/main.o
 .text.OLED_Init
                0x080005c0       0xae ./Core/Src/main.o
                0x080005c0                OLED_Init
 .text.OLED_Clear
                0x0800066e       0x54 ./Core/Src/main.o
                0x0800066e                OLED_Clear
 .text.OLED_ShowString
                0x080006c2       0x1a ./Core/Src/main.o
                0x080006c2                OLED_ShowString
 .text.OLED_Update
                0x080006dc        0xc ./Core/Src/main.o
                0x080006dc                OLED_Update
 .text.Encoder_IRQ_Handler
                0x080006e8       0x78 ./Core/Src/main.o
                0x080006e8                Encoder_IRQ_Handler
 .text.HAL_UART_RxCpltCallback
                0x08000760       0x8c ./Core/Src/main.o
                0x08000760                HAL_UART_RxCpltCallback
 .text.main     0x080007ec       0x4c ./Core/Src/main.o
                0x080007ec                main
 .text.SystemClock_Config
                0x08000838        0xc ./Core/Src/main.o
                0x08000838                SystemClock_Config
 .text.Error_Handler
                0x08000844        0xc ./Core/Src/main.o
                0x08000844                Error_Handler
 .text.HAL_TIM_PeriodElapsedCallback
                0x08000850       0x12 ./Core/Src/main.o
                0x08000850                HAL_TIM_PeriodElapsedCallback
 *fill*         0x08000862        0x2 
 .text.HAL_MspInit
                0x08000864       0x70 ./Core/Src/stm32f1xx_hal_msp.o
                0x08000864                HAL_MspInit
 .text.HAL_InitTick
                0x080008d4       0xf8 ./Core/Src/stm32f1xx_hal_timebase_tim.o
                0x080008d4                HAL_InitTick
 .text.NMI_Handler
                0x080009cc        0x8 ./Core/Src/stm32f1xx_it.o
                0x080009cc                NMI_Handler
 .text.HardFault_Handler
                0x080009d4        0x8 ./Core/Src/stm32f1xx_it.o
                0x080009d4                HardFault_Handler
 .text.MemManage_Handler
                0x080009dc        0x8 ./Core/Src/stm32f1xx_it.o
                0x080009dc                MemManage_Handler
 .text.BusFault_Handler
                0x080009e4        0x8 ./Core/Src/stm32f1xx_it.o
                0x080009e4                BusFault_Handler
 .text.UsageFault_Handler
                0x080009ec        0x8 ./Core/Src/stm32f1xx_it.o
                0x080009ec                UsageFault_Handler
 .text.DebugMon_Handler
                0x080009f4        0xc ./Core/Src/stm32f1xx_it.o
                0x080009f4                DebugMon_Handler
 .text.EXTI0_IRQHandler
                0x08000a00        0xe ./Core/Src/stm32f1xx_it.o
                0x08000a00                EXTI0_IRQHandler
 .text.EXTI1_IRQHandler
                0x08000a0e        0xe ./Core/Src/stm32f1xx_it.o
                0x08000a0e                EXTI1_IRQHandler
 .text.TIM2_IRQHandler
                0x08000a1c       0x14 ./Core/Src/stm32f1xx_it.o
                0x08000a1c                TIM2_IRQHandler
 .text.USART1_IRQHandler
                0x08000a30       0x14 ./Core/Src/stm32f1xx_it.o
                0x08000a30                USART1_IRQHandler
 .text.SystemInit
                0x08000a44        0xc ./Core/Src/system_stm32f1xx.o
                0x08000a44                SystemInit
 .text.MX_USART1_UART_Init
                0x08000a50       0x54 ./Core/Src/usart.o
                0x08000a50                MX_USART1_UART_Init
 .text.HAL_UART_MspInit
                0x08000aa4       0xa8 ./Core/Src/usart.o
                0x08000aa4                HAL_UART_MspInit
 .text.Reset_Handler
                0x08000b4c       0x48 ./Core/Startup/startup_stm32f103c8tx.o
                0x08000b4c                Reset_Handler
 .text.Default_Handler
                0x08000b94        0x2 ./Core/Startup/startup_stm32f103c8tx.o
                0x08000b94                RTC_Alarm_IRQHandler
                0x08000b94                EXTI2_IRQHandler
                0x08000b94                TIM1_CC_IRQHandler
                0x08000b94                PVD_IRQHandler
                0x08000b94                EXTI3_IRQHandler
                0x08000b94                I2C2_EV_IRQHandler
                0x08000b94                ADC1_2_IRQHandler
                0x08000b94                SPI1_IRQHandler
                0x08000b94                TAMPER_IRQHandler
                0x08000b94                DMA1_Channel4_IRQHandler
                0x08000b94                USART3_IRQHandler
                0x08000b94                RTC_IRQHandler
                0x08000b94                DMA1_Channel7_IRQHandler
                0x08000b94                CAN1_RX1_IRQHandler
                0x08000b94                TIM4_IRQHandler
                0x08000b94                I2C1_EV_IRQHandler
                0x08000b94                DMA1_Channel6_IRQHandler
                0x08000b94                TIM3_IRQHandler
                0x08000b94                RCC_IRQHandler
                0x08000b94                TIM1_TRG_COM_IRQHandler
                0x08000b94                DMA1_Channel1_IRQHandler
                0x08000b94                Default_Handler
                0x08000b94                EXTI15_10_IRQHandler
                0x08000b94                EXTI9_5_IRQHandler
                0x08000b94                SPI2_IRQHandler
                0x08000b94                DMA1_Channel5_IRQHandler
                0x08000b94                EXTI4_IRQHandler
                0x08000b94                USB_LP_CAN1_RX0_IRQHandler
                0x08000b94                USB_HP_CAN1_TX_IRQHandler
                0x08000b94                DMA1_Channel3_IRQHandler
                0x08000b94                TIM1_UP_IRQHandler
                0x08000b94                WWDG_IRQHandler
                0x08000b94                TIM1_BRK_IRQHandler
                0x08000b94                USART2_IRQHandler
                0x08000b94                I2C2_ER_IRQHandler
                0x08000b94                DMA1_Channel2_IRQHandler
                0x08000b94                CAN1_SCE_IRQHandler
                0x08000b94                FLASH_IRQHandler
                0x08000b94                I2C1_ER_IRQHandler
                0x08000b94                USBWakeUp_IRQHandler
 *fill*         0x08000b96        0x2 
 .text.HAL_Init
                0x08000b98       0x2c ./Drivers/STM32F1xx_HAL_Driver/Src/stm32f1xx_hal.o
                0x08000b98                HAL_Init
 .text.HAL_GetTick
                0x08000bc4       0x14 ./Drivers/STM32F1xx_HAL_Driver/Src/stm32f1xx_hal.o
                0x08000bc4                HAL_GetTick
 .text.HAL_Delay
                0x08000bd8       0x48 ./Drivers/STM32F1xx_HAL_Driver/Src/stm32f1xx_hal.o
                0x08000bd8                HAL_Delay
 .text.HAL_ADC_Init
                0x08000c20      0x1b0 ./Drivers/STM32F1xx_HAL_Driver/Src/stm32f1xx_hal_adc.o
                0x08000c20                HAL_ADC_Init
 .text.HAL_ADC_ConfigChannel
                0x08000dd0      0x1f0 ./Drivers/STM32F1xx_HAL_Driver/Src/stm32f1xx_hal_adc.o
                0x08000dd0                HAL_ADC_ConfigChannel
 .text.ADC_ConversionStop_Disable
                0x08000fc0       0x82 ./Drivers/STM32F1xx_HAL_Driver/Src/stm32f1xx_hal_adc.o
                0x08000fc0                ADC_ConversionStop_Disable
 *fill*         0x08001042        0x2 
 .text.__NVIC_SetPriorityGrouping
                0x08001044       0x48 ./Drivers/STM32F1xx_HAL_Driver/Src/stm32f1xx_hal_cortex.o
 .text.__NVIC_GetPriorityGrouping
                0x0800108c       0x1c ./Drivers/STM32F1xx_HAL_Driver/Src/stm32f1xx_hal_cortex.o
 .text.__NVIC_EnableIRQ
                0x080010a8       0x38 ./Drivers/STM32F1xx_HAL_Driver/Src/stm32f1xx_hal_cortex.o
 .text.__NVIC_SetPriority
                0x080010e0       0x54 ./Drivers/STM32F1xx_HAL_Driver/Src/stm32f1xx_hal_cortex.o
 .text.NVIC_EncodePriority
                0x08001134       0x64 ./Drivers/STM32F1xx_HAL_Driver/Src/stm32f1xx_hal_cortex.o
 .text.HAL_NVIC_SetPriorityGrouping
                0x08001198       0x16 ./Drivers/STM32F1xx_HAL_Driver/Src/stm32f1xx_hal_cortex.o
                0x08001198                HAL_NVIC_SetPriorityGrouping
 .text.HAL_NVIC_SetPriority
                0x080011ae       0x38 ./Drivers/STM32F1xx_HAL_Driver/Src/stm32f1xx_hal_cortex.o
                0x080011ae                HAL_NVIC_SetPriority
 .text.HAL_NVIC_EnableIRQ
                0x080011e6       0x1c ./Drivers/STM32F1xx_HAL_Driver/Src/stm32f1xx_hal_cortex.o
                0x080011e6                HAL_NVIC_EnableIRQ
 .text.HAL_DMA_Abort
                0x08001202       0x76 ./Drivers/STM32F1xx_HAL_Driver/Src/stm32f1xx_hal_dma.o
                0x08001202                HAL_DMA_Abort
 .text.HAL_DMA_Abort_IT
                0x08001278       0xf0 ./Drivers/STM32F1xx_HAL_Driver/Src/stm32f1xx_hal_dma.o
                0x08001278                HAL_DMA_Abort_IT
 .text.HAL_GPIO_Init
                0x08001368      0x308 ./Drivers/STM32F1xx_HAL_Driver/Src/stm32f1xx_hal_gpio.o
                0x08001368                HAL_GPIO_Init
 .text.HAL_GPIO_ReadPin
                0x08001670       0x2e ./Drivers/STM32F1xx_HAL_Driver/Src/stm32f1xx_hal_gpio.o
                0x08001670                HAL_GPIO_ReadPin
 *fill*         0x0800169e        0x2 
 .text.HAL_GPIO_EXTI_IRQHandler
                0x080016a0       0x30 ./Drivers/STM32F1xx_HAL_Driver/Src/stm32f1xx_hal_gpio.o
                0x080016a0                HAL_GPIO_EXTI_IRQHandler
 .text.HAL_I2C_Init
                0x080016d0      0x288 ./Drivers/STM32F1xx_HAL_Driver/Src/stm32f1xx_hal_i2c.o
                0x080016d0                HAL_I2C_Init
 .text.HAL_I2C_Master_Transmit
                0x08001958      0x1fc ./Drivers/STM32F1xx_HAL_Driver/Src/stm32f1xx_hal_i2c.o
                0x08001958                HAL_I2C_Master_Transmit
 .text.I2C_MasterRequestWrite
                0x08001b54      0x104 ./Drivers/STM32F1xx_HAL_Driver/Src/stm32f1xx_hal_i2c.o
 .text.I2C_WaitOnFlagUntilTimeout
                0x08001c58       0xf4 ./Drivers/STM32F1xx_HAL_Driver/Src/stm32f1xx_hal_i2c.o
 .text.I2C_WaitOnMasterAddressFlagUntilTimeout
                0x08001d4c      0x140 ./Drivers/STM32F1xx_HAL_Driver/Src/stm32f1xx_hal_i2c.o
 .text.I2C_WaitOnTXEFlagUntilTimeout
                0x08001e8c       0x90 ./Drivers/STM32F1xx_HAL_Driver/Src/stm32f1xx_hal_i2c.o
 .text.I2C_WaitOnBTFFlagUntilTimeout
                0x08001f1c       0x90 ./Drivers/STM32F1xx_HAL_Driver/Src/stm32f1xx_hal_i2c.o
 .text.I2C_IsAcknowledgeFailed
                0x08001fac       0x5c ./Drivers/STM32F1xx_HAL_Driver/Src/stm32f1xx_hal_i2c.o
 .text.HAL_RCC_GetHCLKFreq
                0x08002008       0x14 ./Drivers/STM32F1xx_HAL_Driver/Src/stm32f1xx_hal_rcc.o
                0x08002008                HAL_RCC_GetHCLKFreq
 .text.HAL_RCC_GetPCLK1Freq
                0x0800201c       0x28 ./Drivers/STM32F1xx_HAL_Driver/Src/stm32f1xx_hal_rcc.o
                0x0800201c                HAL_RCC_GetPCLK1Freq
 .text.HAL_RCC_GetPCLK2Freq
                0x08002044       0x28 ./Drivers/STM32F1xx_HAL_Driver/Src/stm32f1xx_hal_rcc.o
                0x08002044                HAL_RCC_GetPCLK2Freq
 .text.HAL_RCC_GetClockConfig
                0x0800206c       0x60 ./Drivers/STM32F1xx_HAL_Driver/Src/stm32f1xx_hal_rcc.o
                0x0800206c                HAL_RCC_GetClockConfig
 .text.HAL_TIM_Base_Init
                0x080020cc       0x9e ./Drivers/STM32F1xx_HAL_Driver/Src/stm32f1xx_hal_tim.o
                0x080020cc                HAL_TIM_Base_Init
 .text.HAL_TIM_Base_MspInit
                0x0800216a       0x12 ./Drivers/STM32F1xx_HAL_Driver/Src/stm32f1xx_hal_tim.o
                0x0800216a                HAL_TIM_Base_MspInit
 .text.HAL_TIM_Base_Start_IT
                0x0800217c       0xa4 ./Drivers/STM32F1xx_HAL_Driver/Src/stm32f1xx_hal_tim.o
                0x0800217c                HAL_TIM_Base_Start_IT
 .text.HAL_TIM_IRQHandler
                0x08002220      0x1e0 ./Drivers/STM32F1xx_HAL_Driver/Src/stm32f1xx_hal_tim.o
                0x08002220                HAL_TIM_IRQHandler
 .text.HAL_TIM_OC_DelayElapsedCallback
                0x08002400       0x12 ./Drivers/STM32F1xx_HAL_Driver/Src/stm32f1xx_hal_tim.o
                0x08002400                HAL_TIM_OC_DelayElapsedCallback
 .text.HAL_TIM_IC_CaptureCallback
                0x08002412       0x12 ./Drivers/STM32F1xx_HAL_Driver/Src/stm32f1xx_hal_tim.o
                0x08002412                HAL_TIM_IC_CaptureCallback
 .text.HAL_TIM_PWM_PulseFinishedCallback
                0x08002424       0x12 ./Drivers/STM32F1xx_HAL_Driver/Src/stm32f1xx_hal_tim.o
                0x08002424                HAL_TIM_PWM_PulseFinishedCallback
 .text.HAL_TIM_TriggerCallback
                0x08002436       0x12 ./Drivers/STM32F1xx_HAL_Driver/Src/stm32f1xx_hal_tim.o
                0x08002436                HAL_TIM_TriggerCallback
 .text.TIM_Base_SetConfig
                0x08002448       0xdc ./Drivers/STM32F1xx_HAL_Driver/Src/stm32f1xx_hal_tim.o
                0x08002448                TIM_Base_SetConfig
 .text.HAL_TIMEx_CommutCallback
                0x08002524       0x12 ./Drivers/STM32F1xx_HAL_Driver/Src/stm32f1xx_hal_tim_ex.o
                0x08002524                HAL_TIMEx_CommutCallback
 .text.HAL_TIMEx_BreakCallback
                0x08002536       0x12 ./Drivers/STM32F1xx_HAL_Driver/Src/stm32f1xx_hal_tim_ex.o
                0x08002536                HAL_TIMEx_BreakCallback
 .text.HAL_UART_Init
                0x08002548       0xa0 ./Drivers/STM32F1xx_HAL_Driver/Src/stm32f1xx_hal_uart.o
                0x08002548                HAL_UART_Init
 .text.HAL_UART_Receive_IT
                0x080025e8       0x4a ./Drivers/STM32F1xx_HAL_Driver/Src/stm32f1xx_hal_uart.o
                0x080025e8                HAL_UART_Receive_IT
 *fill*         0x08002632        0x2 
 .text.HAL_UART_IRQHandler
                0x08002634      0x524 ./Drivers/STM32F1xx_HAL_Driver/Src/stm32f1xx_hal_uart.o
                0x08002634                HAL_UART_IRQHandler
 .text.HAL_UART_TxCpltCallback
                0x08002b58       0x12 ./Drivers/STM32F1xx_HAL_Driver/Src/stm32f1xx_hal_uart.o
                0x08002b58                HAL_UART_TxCpltCallback
 .text.HAL_UART_ErrorCallback
                0x08002b6a       0x12 ./Drivers/STM32F1xx_HAL_Driver/Src/stm32f1xx_hal_uart.o
                0x08002b6a                HAL_UART_ErrorCallback
 .text.HAL_UARTEx_RxEventCallback
                0x08002b7c       0x16 ./Drivers/STM32F1xx_HAL_Driver/Src/stm32f1xx_hal_uart.o
                0x08002b7c                HAL_UARTEx_RxEventCallback
 .text.UART_Start_Receive_IT
                0x08002b92       0x72 ./Drivers/STM32F1xx_HAL_Driver/Src/stm32f1xx_hal_uart.o
                0x08002b92                UART_Start_Receive_IT
 .text.UART_EndRxTransfer
                0x08002c04       0xc4 ./Drivers/STM32F1xx_HAL_Driver/Src/stm32f1xx_hal_uart.o
 .text.UART_DMAAbortOnError
                0x08002cc8       0x28 ./Drivers/STM32F1xx_HAL_Driver/Src/stm32f1xx_hal_uart.o
 .text.UART_Transmit_IT
                0x08002cf0       0x9e ./Drivers/STM32F1xx_HAL_Driver/Src/stm32f1xx_hal_uart.o
 .text.UART_EndTransmit_IT
                0x08002d8e       0x30 ./Drivers/STM32F1xx_HAL_Driver/Src/stm32f1xx_hal_uart.o
 .text.UART_Receive_IT
                0x08002dbe      0x17c ./Drivers/STM32F1xx_HAL_Driver/Src/stm32f1xx_hal_uart.o
 *fill*         0x08002f3a        0x2 
 .text.UART_SetConfig
                0x08002f3c      0x11c ./Drivers/STM32F1xx_HAL_Driver/Src/stm32f1xx_hal_uart.o
 .text.makeFreeRtosPriority
                0x08003058       0x2e ./Middlewares/Third_Party/FreeRTOS/Source/CMSIS_RTOS/cmsis_os.o
 .text.osKernelStart
                0x08003086        0xe ./Middlewares/Third_Party/FreeRTOS/Source/CMSIS_RTOS/cmsis_os.o
                0x08003086                osKernelStart
 .text.osThreadCreate
                0x08003094       0x98 ./Middlewares/Third_Party/FreeRTOS/Source/CMSIS_RTOS/cmsis_os.o
                0x08003094                osThreadCreate
 .text.osDelay  0x0800312c       0x28 ./Middlewares/Third_Party/FreeRTOS/Source/CMSIS_RTOS/cmsis_os.o
                0x0800312c                osDelay
 .text.osMutexCreate
                0x08003154       0x30 ./Middlewares/Third_Party/FreeRTOS/Source/CMSIS_RTOS/cmsis_os.o
                0x08003154                osMutexCreate
 .text.vListInitialise
                0x08003184       0x3e ./Middlewares/Third_Party/FreeRTOS/Source/list.o
                0x08003184                vListInitialise
 .text.vListInitialiseItem
                0x080031c2       0x18 ./Middlewares/Third_Party/FreeRTOS/Source/list.o
                0x080031c2                vListInitialiseItem
 .text.vListInsertEnd
                0x080031da       0x46 ./Middlewares/Third_Party/FreeRTOS/Source/list.o
                0x080031da                vListInsertEnd
 .text.vListInsert
                0x08003220       0x70 ./Middlewares/Third_Party/FreeRTOS/Source/list.o
                0x08003220                vListInsert
 .text.uxListRemove
                0x08003290       0x52 ./Middlewares/Third_Party/FreeRTOS/Source/list.o
                0x08003290                uxListRemove
 *fill*         0x080032e2        0x2 
 .text.xQueueGenericReset
                0x080032e4       0xd4 ./Middlewares/Third_Party/FreeRTOS/Source/queue.o
                0x080032e4                xQueueGenericReset
 .text.xQueueGenericCreateStatic
                0x080033b8       0xfa ./Middlewares/Third_Party/FreeRTOS/Source/queue.o
                0x080033b8                xQueueGenericCreateStatic
 .text.xQueueGenericCreate
                0x080034b2       0x76 ./Middlewares/Third_Party/FreeRTOS/Source/queue.o
                0x080034b2                xQueueGenericCreate
 .text.prvInitialiseNewQueue
                0x08003528       0x3e ./Middlewares/Third_Party/FreeRTOS/Source/queue.o
 .text.prvInitialiseMutex
                0x08003566       0x34 ./Middlewares/Third_Party/FreeRTOS/Source/queue.o
 .text.xQueueCreateMutex
                0x0800359a       0x30 ./Middlewares/Third_Party/FreeRTOS/Source/queue.o
                0x0800359a                xQueueCreateMutex
 .text.xQueueCreateMutexStatic
                0x080035ca       0x36 ./Middlewares/Third_Party/FreeRTOS/Source/queue.o
                0x080035ca                xQueueCreateMutexStatic
 .text.xQueueGenericSend
                0x08003600      0x204 ./Middlewares/Third_Party/FreeRTOS/Source/queue.o
                0x08003600                xQueueGenericSend
 .text.prvCopyDataToQueue
                0x08003804       0xd4 ./Middlewares/Third_Party/FreeRTOS/Source/queue.o
 .text.prvUnlockQueue
                0x080038d8       0xa4 ./Middlewares/Third_Party/FreeRTOS/Source/queue.o
 .text.prvIsQueueFull
                0x0800397c       0x30 ./Middlewares/Third_Party/FreeRTOS/Source/queue.o
 .text.xTaskCreateStatic
                0x080039ac       0xc0 ./Middlewares/Third_Party/FreeRTOS/Source/tasks.o
                0x080039ac                xTaskCreateStatic
 .text.xTaskCreate
                0x08003a6c       0x8a ./Middlewares/Third_Party/FreeRTOS/Source/tasks.o
                0x08003a6c                xTaskCreate
 *fill*         0x08003af6        0x2 
 .text.prvInitialiseNewTask
                0x08003af8      0x140 ./Middlewares/Third_Party/FreeRTOS/Source/tasks.o
 .text.prvAddNewTaskToReadyList
                0x08003c38       0xd4 ./Middlewares/Third_Party/FreeRTOS/Source/tasks.o
 .text.vTaskDelay
                0x08003d0c       0x6c ./Middlewares/Third_Party/FreeRTOS/Source/tasks.o
                0x08003d0c                vTaskDelay
 .text.vTaskStartScheduler
                0x08003d78       0xd4 ./Middlewares/Third_Party/FreeRTOS/Source/tasks.o
                0x08003d78                vTaskStartScheduler
 .text.vTaskSuspendAll
                0x08003e4c       0x1c ./Middlewares/Third_Party/FreeRTOS/Source/tasks.o
                0x08003e4c                vTaskSuspendAll
 .text.xTaskResumeAll
                0x08003e68      0x13c ./Middlewares/Third_Party/FreeRTOS/Source/tasks.o
                0x08003e68                xTaskResumeAll
 .text.xTaskIncrementTick
                0x08003fa4      0x174 ./Middlewares/Third_Party/FreeRTOS/Source/tasks.o
                0x08003fa4                xTaskIncrementTick
 .text.vTaskSwitchContext
                0x08004118       0xc4 ./Middlewares/Third_Party/FreeRTOS/Source/tasks.o
                0x08004118                vTaskSwitchContext
 .text.vTaskPlaceOnEventList
                0x080041dc       0x4c ./Middlewares/Third_Party/FreeRTOS/Source/tasks.o
                0x080041dc                vTaskPlaceOnEventList
 .text.xTaskRemoveFromEventList
                0x08004228       0xc8 ./Middlewares/Third_Party/FreeRTOS/Source/tasks.o
                0x08004228                xTaskRemoveFromEventList
 .text.vTaskInternalSetTimeOutState
                0x080042f0       0x2c ./Middlewares/Third_Party/FreeRTOS/Source/tasks.o
                0x080042f0                vTaskInternalSetTimeOutState
 .text.xTaskCheckForTimeOut
                0x0800431c       0xc8 ./Middlewares/Third_Party/FreeRTOS/Source/tasks.o
                0x0800431c                xTaskCheckForTimeOut
 .text.vTaskMissedYield
                0x080043e4       0x18 ./Middlewares/Third_Party/FreeRTOS/Source/tasks.o
                0x080043e4                vTaskMissedYield
 .text.prvIdleTask
                0x080043fc       0x30 ./Middlewares/Third_Party/FreeRTOS/Source/tasks.o
 .text.prvInitialiseTaskLists
                0x0800442c       0x80 ./Middlewares/Third_Party/FreeRTOS/Source/tasks.o
 .text.prvCheckTasksWaitingTermination
                0x080044ac       0x5c ./Middlewares/Third_Party/FreeRTOS/Source/tasks.o
 .text.prvDeleteTCB
                0x08004508       0x6a ./Middlewares/Third_Party/FreeRTOS/Source/tasks.o
 *fill*         0x08004572        0x2 
 .text.prvResetNextTaskUnblockTime
                0x08004574       0x40 ./Middlewares/Third_Party/FreeRTOS/Source/tasks.o
 .text.xTaskGetSchedulerState
                0x080045b4       0x3c ./Middlewares/Third_Party/FreeRTOS/Source/tasks.o
                0x080045b4                xTaskGetSchedulerState
 .text.xTaskPriorityDisinherit
                0x080045f0      0x110 ./Middlewares/Third_Party/FreeRTOS/Source/tasks.o
                0x080045f0                xTaskPriorityDisinherit
 .text.prvAddCurrentTaskToDelayedList
                0x08004700       0xcc ./Middlewares/Third_Party/FreeRTOS/Source/tasks.o
 .text.pxPortInitialiseStack
                0x080047cc       0x58 ./Middlewares/Third_Party/FreeRTOS/Source/portable/GCC/ARM_CM3/port.o
                0x080047cc                pxPortInitialiseStack
 .text.prvTaskExitError
                0x08004824       0x58 ./Middlewares/Third_Party/FreeRTOS/Source/portable/GCC/ARM_CM3/port.o
 *fill*         0x0800487c        0x4 
 .text.SVC_Handler
                0x08004880       0x28 ./Middlewares/Third_Party/FreeRTOS/Source/portable/GCC/ARM_CM3/port.o
                0x08004880                SVC_Handler
 .text.prvPortStartFirstTask
                0x080048a8       0x20 ./Middlewares/Third_Party/FreeRTOS/Source/portable/GCC/ARM_CM3/port.o
 .text.xPortStartScheduler
                0x080048c8       0xe4 ./Middlewares/Third_Party/FreeRTOS/Source/portable/GCC/ARM_CM3/port.o
                0x080048c8                xPortStartScheduler
 .text.vPortEnterCritical
                0x080049ac       0x60 ./Middlewares/Third_Party/FreeRTOS/Source/portable/GCC/ARM_CM3/port.o
                0x080049ac                vPortEnterCritical
 .text.vPortExitCritical
                0x08004a0c       0x54 ./Middlewares/Third_Party/FreeRTOS/Source/portable/GCC/ARM_CM3/port.o
                0x08004a0c                vPortExitCritical
 .text.PendSV_Handler
                0x08004a60       0x48 ./Middlewares/Third_Party/FreeRTOS/Source/portable/GCC/ARM_CM3/port.o
                0x08004a60                PendSV_Handler
 .text.SysTick_Handler
                0x08004aa8       0x44 ./Middlewares/Third_Party/FreeRTOS/Source/portable/GCC/ARM_CM3/port.o
                0x08004aa8                SysTick_Handler
 .text.vPortSetupTimerInterrupt
                0x08004aec       0x44 ./Middlewares/Third_Party/FreeRTOS/Source/portable/GCC/ARM_CM3/port.o
                0x08004aec                vPortSetupTimerInterrupt
 .text.pvPortMalloc
                0x08004b30      0x19c ./Middlewares/Third_Party/FreeRTOS/Source/portable/MemMang/heap_4.o
                0x08004b30                pvPortMalloc
 .text.vPortFree
                0x08004ccc       0xc8 ./Middlewares/Third_Party/FreeRTOS/Source/portable/MemMang/heap_4.o
                0x08004ccc                vPortFree
 .text.prvHeapInit
                0x08004d94       0xc4 ./Middlewares/Third_Party/FreeRTOS/Source/portable/MemMang/heap_4.o
 .text.prvInsertBlockIntoFreeList
                0x08004e58       0xb0 ./Middlewares/Third_Party/FreeRTOS/Source/portable/MemMang/heap_4.o
 .text.memset   0x08004f08       0x10 C:/ST/STM32CubeIDE_1.17.0/STM32CubeIDE/plugins/com.st.stm32cube.ide.mcu.externaltools.gnu-tools-for-stm32.12.3.rel1.win32_1.1.0.202410251130/tools/bin/../lib/gcc/arm-none-eabi/12.3.1/../../../../arm-none-eabi/lib/thumb/v7-m/nofp\libc_nano.a(libc_a-memset.o)
                0x08004f08                memset
 .text._reclaim_reent
                0x08004f18       0xac C:/ST/STM32CubeIDE_1.17.0/STM32CubeIDE/plugins/com.st.stm32cube.ide.mcu.externaltools.gnu-tools-for-stm32.12.3.rel1.win32_1.1.0.202410251130/tools/bin/../lib/gcc/arm-none-eabi/12.3.1/../../../../arm-none-eabi/lib/thumb/v7-m/nofp\libc_nano.a(libc_a-reent.o)
                0x08004f18                _reclaim_reent
 .text.__libc_init_array
                0x08004fc4       0x48 C:/ST/STM32CubeIDE_1.17.0/STM32CubeIDE/plugins/com.st.stm32cube.ide.mcu.externaltools.gnu-tools-for-stm32.12.3.rel1.win32_1.1.0.202410251130/tools/bin/../lib/gcc/arm-none-eabi/12.3.1/../../../../arm-none-eabi/lib/thumb/v7-m/nofp\libc_nano.a(libc_a-init.o)
                0x08004fc4                __libc_init_array
 .text.__retarget_lock_acquire_recursive
                0x0800500c        0x2 C:/ST/STM32CubeIDE_1.17.0/STM32CubeIDE/plugins/com.st.stm32cube.ide.mcu.externaltools.gnu-tools-for-stm32.12.3.rel1.win32_1.1.0.202410251130/tools/bin/../lib/gcc/arm-none-eabi/12.3.1/../../../../arm-none-eabi/lib/thumb/v7-m/nofp\libc_nano.a(libc_a-lock.o)
                0x0800500c                __retarget_lock_acquire_recursive
 .text.__retarget_lock_release_recursive
                0x0800500e        0x2 C:/ST/STM32CubeIDE_1.17.0/STM32CubeIDE/plugins/com.st.stm32cube.ide.mcu.externaltools.gnu-tools-for-stm32.12.3.rel1.win32_1.1.0.202410251130/tools/bin/../lib/gcc/arm-none-eabi/12.3.1/../../../../arm-none-eabi/lib/thumb/v7-m/nofp\libc_nano.a(libc_a-lock.o)
                0x0800500e                __retarget_lock_release_recursive
 .text.strcpy   0x08005010       0x10 C:/ST/STM32CubeIDE_1.17.0/STM32CubeIDE/plugins/com.st.stm32cube.ide.mcu.externaltools.gnu-tools-for-stm32.12.3.rel1.win32_1.1.0.202410251130/tools/bin/../lib/gcc/arm-none-eabi/12.3.1/../../../../arm-none-eabi/lib/thumb/v7-m/nofp\libc_nano.a(libc_a-strcpy.o)
                0x08005010                strcpy
 .text.memcpy   0x08005020       0x1c C:/ST/STM32CubeIDE_1.17.0/STM32CubeIDE/plugins/com.st.stm32cube.ide.mcu.externaltools.gnu-tools-for-stm32.12.3.rel1.win32_1.1.0.202410251130/tools/bin/../lib/gcc/arm-none-eabi/12.3.1/../../../../arm-none-eabi/lib/thumb/v7-m/nofp\libc_nano.a(libc_a-memcpy-stub.o)
                0x08005020                memcpy
 .text._free_r  0x0800503c       0x90 C:/ST/STM32CubeIDE_1.17.0/STM32CubeIDE/plugins/com.st.stm32cube.ide.mcu.externaltools.gnu-tools-for-stm32.12.3.rel1.win32_1.1.0.202410251130/tools/bin/../lib/gcc/arm-none-eabi/12.3.1/../../../../arm-none-eabi/lib/thumb/v7-m/nofp\libc_nano.a(libc_a-freer.o)
                0x0800503c                _free_r
 .text.__malloc_lock
                0x080050cc        0xc C:/ST/STM32CubeIDE_1.17.0/STM32CubeIDE/plugins/com.st.stm32cube.ide.mcu.externaltools.gnu-tools-for-stm32.12.3.rel1.win32_1.1.0.202410251130/tools/bin/../lib/gcc/arm-none-eabi/12.3.1/../../../../arm-none-eabi/lib/thumb/v7-m/nofp\libc_nano.a(libc_a-mlock.o)
                0x080050cc                __malloc_lock
 .text.__malloc_unlock
                0x080050d8        0xc C:/ST/STM32CubeIDE_1.17.0/STM32CubeIDE/plugins/com.st.stm32cube.ide.mcu.externaltools.gnu-tools-for-stm32.12.3.rel1.win32_1.1.0.202410251130/tools/bin/../lib/gcc/arm-none-eabi/12.3.1/../../../../arm-none-eabi/lib/thumb/v7-m/nofp\libc_nano.a(libc_a-mlock.o)
                0x080050d8                __malloc_unlock
 *(.glue_7)
 .glue_7        0x080050e4        0x0 linker stubs
 *(.glue_7t)
 .glue_7t       0x080050e4        0x0 linker stubs
 *(.eh_frame)
 .eh_frame      0x080050e4        0x0 C:/ST/STM32CubeIDE_1.17.0/STM32CubeIDE/plugins/com.st.stm32cube.ide.mcu.externaltools.gnu-tools-for-stm32.12.3.rel1.win32_1.1.0.202410251130/tools/bin/../lib/gcc/arm-none-eabi/12.3.1/thumb/v7-m/nofp/crtbegin.o
 *(.init)
 .init          0x080050e4        0x4 C:/ST/STM32CubeIDE_1.17.0/STM32CubeIDE/plugins/com.st.stm32cube.ide.mcu.externaltools.gnu-tools-for-stm32.12.3.rel1.win32_1.1.0.202410251130/tools/bin/../lib/gcc/arm-none-eabi/12.3.1/thumb/v7-m/nofp/crti.o
                0x080050e4                _init
 .init          0x080050e8        0x8 C:/ST/STM32CubeIDE_1.17.0/STM32CubeIDE/plugins/com.st.stm32cube.ide.mcu.externaltools.gnu-tools-for-stm32.12.3.rel1.win32_1.1.0.202410251130/tools/bin/../lib/gcc/arm-none-eabi/12.3.1/thumb/v7-m/nofp/crtn.o
 *(.fini)
 .fini          0x080050f0        0x4 C:/ST/STM32CubeIDE_1.17.0/STM32CubeIDE/plugins/com.st.stm32cube.ide.mcu.externaltools.gnu-tools-for-stm32.12.3.rel1.win32_1.1.0.202410251130/tools/bin/../lib/gcc/arm-none-eabi/12.3.1/thumb/v7-m/nofp/crti.o
                0x080050f0                _fini
 .fini          0x080050f4        0x8 C:/ST/STM32CubeIDE_1.17.0/STM32CubeIDE/plugins/com.st.stm32cube.ide.mcu.externaltools.gnu-tools-for-stm32.12.3.rel1.win32_1.1.0.202410251130/tools/bin/../lib/gcc/arm-none-eabi/12.3.1/thumb/v7-m/nofp/crtn.o
                0x080050fc                        . = ALIGN (0x4)
                0x080050fc                        _etext = .

.vfp11_veneer   0x080050fc        0x0
 .vfp11_veneer  0x080050fc        0x0 linker stubs

.v4_bx          0x080050fc        0x0
 .v4_bx         0x080050fc        0x0 linker stubs

.iplt           0x080050fc        0x0
 .iplt          0x080050fc        0x0 C:/ST/STM32CubeIDE_1.17.0/STM32CubeIDE/plugins/com.st.stm32cube.ide.mcu.externaltools.gnu-tools-for-stm32.12.3.rel1.win32_1.1.0.202410251130/tools/bin/../lib/gcc/arm-none-eabi/12.3.1/thumb/v7-m/nofp/crtbegin.o

.rodata         0x080050fc      0x1c0
                0x080050fc                        . = ALIGN (0x4)
 *(.rodata)
 .rodata        0x080050fc       0xac ./Core/Src/freertos.o
 .rodata        0x080051a8      0x104 ./Core/Src/main.o
 .rodata        0x080052ac        0x5 ./Middlewares/Third_Party/FreeRTOS/Source/tasks.o
 *(.rodata*)
 *fill*         0x080052b1        0x3 
 .rodata.APBPrescTable
                0x080052b4        0x8 ./Core/Src/system_stm32f1xx.o
                0x080052b4                APBPrescTable
                0x080052bc                        . = ALIGN (0x4)

.ARM.extab      0x080052bc        0x0
                0x080052bc                        . = ALIGN (0x4)
 *(.ARM.extab* .gnu.linkonce.armextab.*)
                0x080052bc                        . = ALIGN (0x4)

.ARM            0x080052bc        0x0
                0x080052bc                        . = ALIGN (0x4)
                0x080052bc                        __exidx_start = .
 *(.ARM.exidx*)
                0x080052bc                        __exidx_end = .
                0x080052bc                        . = ALIGN (0x4)

.preinit_array  0x080052bc        0x0
                0x080052bc                        . = ALIGN (0x4)
                0x080052bc                        PROVIDE (__preinit_array_start = .)
 *(.preinit_array*)
                0x080052bc                        PROVIDE (__preinit_array_end = .)
                0x080052bc                        . = ALIGN (0x4)

.init_array     0x080052bc        0x4
                0x080052bc                        . = ALIGN (0x4)
                0x080052bc                        PROVIDE (__init_array_start = .)
 *(SORT_BY_NAME(.init_array.*))
 *(.init_array*)
 .init_array    0x080052bc        0x4 C:/ST/STM32CubeIDE_1.17.0/STM32CubeIDE/plugins/com.st.stm32cube.ide.mcu.externaltools.gnu-tools-for-stm32.12.3.rel1.win32_1.1.0.202410251130/tools/bin/../lib/gcc/arm-none-eabi/12.3.1/thumb/v7-m/nofp/crtbegin.o
                0x080052c0                        PROVIDE (__init_array_end = .)
                0x080052c0                        . = ALIGN (0x4)

.fini_array     0x080052c0        0x4
                0x080052c0                        . = ALIGN (0x4)
                [!provide]                        PROVIDE (__fini_array_start = .)
 *(SORT_BY_NAME(.fini_array.*))
 *(.fini_array*)
 .fini_array    0x080052c0        0x4 C:/ST/STM32CubeIDE_1.17.0/STM32CubeIDE/plugins/com.st.stm32cube.ide.mcu.externaltools.gnu-tools-for-stm32.12.3.rel1.win32_1.1.0.202410251130/tools/bin/../lib/gcc/arm-none-eabi/12.3.1/thumb/v7-m/nofp/crtbegin.o
                [!provide]                        PROVIDE (__fini_array_end = .)
                0x080052c4                        . = ALIGN (0x4)
                0x080052c4                        _sidata = LOADADDR (.data)

.rel.dyn        0x080052c4        0x0
 .rel.iplt      0x080052c4        0x0 C:/ST/STM32CubeIDE_1.17.0/STM32CubeIDE/plugins/com.st.stm32cube.ide.mcu.externaltools.gnu-tools-for-stm32.12.3.rel1.win32_1.1.0.202410251130/tools/bin/../lib/gcc/arm-none-eabi/12.3.1/thumb/v7-m/nofp/crtbegin.o

.data           0x20000000       0x60 load address 0x080052c4
                0x20000000                        . = ALIGN (0x4)
                0x20000000                        _sdata = .
 *(.data)
 *(.data*)
 .data.SystemCoreClock
                0x20000000        0x4 ./Core/Src/system_stm32f1xx.o
                0x20000000                SystemCoreClock
 .data.uwTickPrio
                0x20000004        0x4 ./Drivers/STM32F1xx_HAL_Driver/Src/stm32f1xx_hal.o
                0x20000004                uwTickPrio
 .data.uwTickFreq
                0x20000008        0x1 ./Drivers/STM32F1xx_HAL_Driver/Src/stm32f1xx_hal.o
                0x20000008                uwTickFreq
 *fill*         0x20000009        0x3 
 .data.uxCriticalNesting
                0x2000000c        0x4 ./Middlewares/Third_Party/FreeRTOS/Source/portable/GCC/ARM_CM3/port.o
 .data._impure_ptr
                0x20000010        0x4 C:/ST/STM32CubeIDE_1.17.0/STM32CubeIDE/plugins/com.st.stm32cube.ide.mcu.externaltools.gnu-tools-for-stm32.12.3.rel1.win32_1.1.0.202410251130/tools/bin/../lib/gcc/arm-none-eabi/12.3.1/../../../../arm-none-eabi/lib/thumb/v7-m/nofp\libc_nano.a(libc_a-impure.o)
                0x20000010                _impure_ptr
 .data._impure_data
                0x20000014       0x4c C:/ST/STM32CubeIDE_1.17.0/STM32CubeIDE/plugins/com.st.stm32cube.ide.mcu.externaltools.gnu-tools-for-stm32.12.3.rel1.win32_1.1.0.202410251130/tools/bin/../lib/gcc/arm-none-eabi/12.3.1/../../../../arm-none-eabi/lib/thumb/v7-m/nofp\libc_nano.a(libc_a-impure.o)
                0x20000014                _impure_data
 *(.RamFunc)
 *(.RamFunc*)
                0x20000060                        . = ALIGN (0x4)
                0x20000060                        _edata = .

.igot.plt       0x20000060        0x0 load address 0x08005324
 .igot.plt      0x20000060        0x0 C:/ST/STM32CubeIDE_1.17.0/STM32CubeIDE/plugins/com.st.stm32cube.ide.mcu.externaltools.gnu-tools-for-stm32.12.3.rel1.win32_1.1.0.202410251130/tools/bin/../lib/gcc/arm-none-eabi/12.3.1/thumb/v7-m/nofp/crtbegin.o
                0x20000060                        . = ALIGN (0x4)

.bss            0x20000060     0x2ecc load address 0x08005324
                0x20000060                        _sbss = .
                0x20000060                        __bss_start__ = _sbss
 *(.bss)
 .bss           0x20000060       0x1c C:/ST/STM32CubeIDE_1.17.0/STM32CubeIDE/plugins/com.st.stm32cube.ide.mcu.externaltools.gnu-tools-for-stm32.12.3.rel1.win32_1.1.0.202410251130/tools/bin/../lib/gcc/arm-none-eabi/12.3.1/thumb/v7-m/nofp/crtbegin.o
 *(.bss*)
 .bss.hadc1     0x2000007c       0x30 ./Core/Src/adc.o
                0x2000007c                hadc1
 .bss.Task_DisplayHandle
                0x200000ac        0x4 ./Core/Src/freertos.o
                0x200000ac                Task_DisplayHandle
 .bss.Task_SensorHandle
                0x200000b0        0x4 ./Core/Src/freertos.o
                0x200000b0                Task_SensorHandle
 .bss.Task_BluetoothHandle
                0x200000b4        0x4 ./Core/Src/freertos.o
                0x200000b4                Task_BluetoothHandle
 .bss.Task_KeyEncoderHandle
                0x200000b8        0x4 ./Core/Src/freertos.o
                0x200000b8                Task_KeyEncoderHandle
 .bss.I2C_MutexHandle
                0x200000bc        0x4 ./Core/Src/freertos.o
                0x200000bc                I2C_MutexHandle
 .bss.xIdleTaskTCBBuffer
                0x200000c0       0xa0 ./Core/Src/freertos.o
 .bss.xIdleStack
                0x20000160      0x200 ./Core/Src/freertos.o
 .bss.hi2c1     0x20000360       0x54 ./Core/Src/i2c.o
                0x20000360                hi2c1
 .bss.bt_data_ready
                0x200003b4        0x1 ./Core/Src/main.o
 *fill*         0x200003b5        0x3 
 .bss.bt_rx_buffer
                0x200003b8       0x20 ./Core/Src/main.o
 .bss.encoder_dir
                0x200003d8        0x1 ./Core/Src/main.o
                0x200003d8                encoder_dir
 .bss.encoder_sw_pressed
                0x200003d9        0x1 ./Core/Src/main.o
                0x200003d9                encoder_sw_pressed
 *fill*         0x200003da        0x2 
 .bss.encoder_sw_press_time
                0x200003dc        0x4 ./Core/Src/main.o
                0x200003dc                encoder_sw_press_time
 .bss.idx.1     0x200003e0        0x1 ./Core/Src/main.o
 *fill*         0x200003e1        0x3 
 .bss.tempBuf.0
                0x200003e4       0x20 ./Core/Src/main.o
 .bss.htim2     0x20000404       0x48 ./Core/Src/stm32f1xx_hal_timebase_tim.o
                0x20000404                htim2
 .bss.huart1    0x2000044c       0x48 ./Core/Src/usart.o
                0x2000044c                huart1
 .bss.uwTick    0x20000494        0x4 ./Drivers/STM32F1xx_HAL_Driver/Src/stm32f1xx_hal.o
                0x20000494                uwTick
 .bss.pxCurrentTCB
                0x20000498        0x4 ./Middlewares/Third_Party/FreeRTOS/Source/tasks.o
                0x20000498                pxCurrentTCB
 .bss.pxReadyTasksLists
                0x2000049c       0x8c ./Middlewares/Third_Party/FreeRTOS/Source/tasks.o
 .bss.xDelayedTaskList1
                0x20000528       0x14 ./Middlewares/Third_Party/FreeRTOS/Source/tasks.o
 .bss.xDelayedTaskList2
                0x2000053c       0x14 ./Middlewares/Third_Party/FreeRTOS/Source/tasks.o
 .bss.pxDelayedTaskList
                0x20000550        0x4 ./Middlewares/Third_Party/FreeRTOS/Source/tasks.o
 .bss.pxOverflowDelayedTaskList
                0x20000554        0x4 ./Middlewares/Third_Party/FreeRTOS/Source/tasks.o
 .bss.xPendingReadyList
                0x20000558       0x14 ./Middlewares/Third_Party/FreeRTOS/Source/tasks.o
 .bss.xTasksWaitingTermination
                0x2000056c       0x14 ./Middlewares/Third_Party/FreeRTOS/Source/tasks.o
 .bss.uxDeletedTasksWaitingCleanUp
                0x20000580        0x4 ./Middlewares/Third_Party/FreeRTOS/Source/tasks.o
 .bss.xSuspendedTaskList
                0x20000584       0x14 ./Middlewares/Third_Party/FreeRTOS/Source/tasks.o
 .bss.uxCurrentNumberOfTasks
                0x20000598        0x4 ./Middlewares/Third_Party/FreeRTOS/Source/tasks.o
 .bss.xTickCount
                0x2000059c        0x4 ./Middlewares/Third_Party/FreeRTOS/Source/tasks.o
 .bss.uxTopReadyPriority
                0x200005a0        0x4 ./Middlewares/Third_Party/FreeRTOS/Source/tasks.o
 .bss.xSchedulerRunning
                0x200005a4        0x4 ./Middlewares/Third_Party/FreeRTOS/Source/tasks.o
 .bss.xPendedTicks
                0x200005a8        0x4 ./Middlewares/Third_Party/FreeRTOS/Source/tasks.o
 .bss.xYieldPending
                0x200005ac        0x4 ./Middlewares/Third_Party/FreeRTOS/Source/tasks.o
 .bss.xNumOfOverflows
                0x200005b0        0x4 ./Middlewares/Third_Party/FreeRTOS/Source/tasks.o
 .bss.uxTaskNumber
                0x200005b4        0x4 ./Middlewares/Third_Party/FreeRTOS/Source/tasks.o
 .bss.xNextTaskUnblockTime
                0x200005b8        0x4 ./Middlewares/Third_Party/FreeRTOS/Source/tasks.o
 .bss.xIdleTaskHandle
                0x200005bc        0x4 ./Middlewares/Third_Party/FreeRTOS/Source/tasks.o
 .bss.uxSchedulerSuspended
                0x200005c0        0x4 ./Middlewares/Third_Party/FreeRTOS/Source/tasks.o
 .bss.ucMaxSysCallPriority
                0x200005c4        0x1 ./Middlewares/Third_Party/FreeRTOS/Source/portable/GCC/ARM_CM3/port.o
 *fill*         0x200005c5        0x3 
 .bss.ulMaxPRIGROUPValue
                0x200005c8        0x4 ./Middlewares/Third_Party/FreeRTOS/Source/portable/GCC/ARM_CM3/port.o
 .bss.ucHeap    0x200005cc     0x2800 ./Middlewares/Third_Party/FreeRTOS/Source/portable/MemMang/heap_4.o
 .bss.xStart    0x20002dcc        0x8 ./Middlewares/Third_Party/FreeRTOS/Source/portable/MemMang/heap_4.o
 .bss.pxEnd     0x20002dd4        0x4 ./Middlewares/Third_Party/FreeRTOS/Source/portable/MemMang/heap_4.o
 .bss.xFreeBytesRemaining
                0x20002dd8        0x4 ./Middlewares/Third_Party/FreeRTOS/Source/portable/MemMang/heap_4.o
 .bss.xMinimumEverFreeBytesRemaining
                0x20002ddc        0x4 ./Middlewares/Third_Party/FreeRTOS/Source/portable/MemMang/heap_4.o
 .bss.xNumberOfSuccessfulAllocations
                0x20002de0        0x4 ./Middlewares/Third_Party/FreeRTOS/Source/portable/MemMang/heap_4.o
 .bss.xNumberOfSuccessfulFrees
                0x20002de4        0x4 ./Middlewares/Third_Party/FreeRTOS/Source/portable/MemMang/heap_4.o
 .bss.xBlockAllocatedBit
                0x20002de8        0x4 ./Middlewares/Third_Party/FreeRTOS/Source/portable/MemMang/heap_4.o
 .bss.__sf      0x20002dec      0x138 C:/ST/STM32CubeIDE_1.17.0/STM32CubeIDE/plugins/com.st.stm32cube.ide.mcu.externaltools.gnu-tools-for-stm32.12.3.rel1.win32_1.1.0.202410251130/tools/bin/../lib/gcc/arm-none-eabi/12.3.1/../../../../arm-none-eabi/lib/thumb/v7-m/nofp\libc_nano.a(libc_a-findfp.o)
                0x20002dec                __sf
 .bss.__lock___malloc_recursive_mutex
                0x20002f24        0x1 C:/ST/STM32CubeIDE_1.17.0/STM32CubeIDE/plugins/com.st.stm32cube.ide.mcu.externaltools.gnu-tools-for-stm32.12.3.rel1.win32_1.1.0.202410251130/tools/bin/../lib/gcc/arm-none-eabi/12.3.1/../../../../arm-none-eabi/lib/thumb/v7-m/nofp\libc_nano.a(libc_a-lock.o)
                0x20002f24                __lock___malloc_recursive_mutex
 *fill*         0x20002f25        0x3 
 .bss.__malloc_free_list
                0x20002f28        0x4 C:/ST/STM32CubeIDE_1.17.0/STM32CubeIDE/plugins/com.st.stm32cube.ide.mcu.externaltools.gnu-tools-for-stm32.12.3.rel1.win32_1.1.0.202410251130/tools/bin/../lib/gcc/arm-none-eabi/12.3.1/../../../../arm-none-eabi/lib/thumb/v7-m/nofp\libc_nano.a(libc_a-mallocr.o)
                0x20002f28                __malloc_free_list
 *(COMMON)
                0x20002f2c                        . = ALIGN (0x4)
                0x20002f2c                        _ebss = .
                0x20002f2c                        __bss_end__ = _ebss

._user_heap_stack
                0x20002f2c      0x604 load address 0x08005324
                0x20002f30                        . = ALIGN (0x8)
 *fill*         0x20002f2c        0x4 
                [!provide]                        PROVIDE (end = .)
                0x20002f30                        PROVIDE (_end = .)
                0x20003130                        . = (. + _Min_Heap_Size)
 *fill*         0x20002f30      0x200 
                0x20003530                        . = (. + _Min_Stack_Size)
 *fill*         0x20003130      0x400 
                0x20003530                        . = ALIGN (0x8)

/DISCARD/
 libc.a(*)
 libm.a(*)
 libgcc.a(*)

.ARM.attributes
                0x00000000       0x29
 *(.ARM.attributes)
 .ARM.attributes
                0x00000000       0x1d C:/ST/STM32CubeIDE_1.17.0/STM32CubeIDE/plugins/com.st.stm32cube.ide.mcu.externaltools.gnu-tools-for-stm32.12.3.rel1.win32_1.1.0.202410251130/tools/bin/../lib/gcc/arm-none-eabi/12.3.1/thumb/v7-m/nofp/crti.o
 .ARM.attributes
                0x0000001d       0x2d C:/ST/STM32CubeIDE_1.17.0/STM32CubeIDE/plugins/com.st.stm32cube.ide.mcu.externaltools.gnu-tools-for-stm32.12.3.rel1.win32_1.1.0.202410251130/tools/bin/../lib/gcc/arm-none-eabi/12.3.1/thumb/v7-m/nofp/crtbegin.o
 .ARM.attributes
                0x0000004a       0x2d ./Core/Src/adc.o
 .ARM.attributes
                0x00000077       0x2d ./Core/Src/freertos.o
 .ARM.attributes
                0x000000a4       0x2d ./Core/Src/gpio.o
 .ARM.attributes
                0x000000d1       0x2d ./Core/Src/i2c.o
 .ARM.attributes
                0x000000fe       0x2d ./Core/Src/main.o
 .ARM.attributes
                0x0000012b       0x2d ./Core/Src/stm32f1xx_hal_msp.o
 .ARM.attributes
                0x00000158       0x2d ./Core/Src/stm32f1xx_hal_timebase_tim.o
 .ARM.attributes
                0x00000185       0x2d ./Core/Src/stm32f1xx_it.o
 .ARM.attributes
                0x000001b2       0x2d ./Core/Src/system_stm32f1xx.o
 .ARM.attributes
                0x000001df       0x2d ./Core/Src/usart.o
 .ARM.attributes
                0x0000020c       0x21 ./Core/Startup/startup_stm32f103c8tx.o
 .ARM.attributes
                0x0000022d       0x2d ./Drivers/STM32F1xx_HAL_Driver/Src/stm32f1xx_hal.o
 .ARM.attributes
                0x0000025a       0x2d ./Drivers/STM32F1xx_HAL_Driver/Src/stm32f1xx_hal_adc.o
 .ARM.attributes
                0x00000287       0x2d ./Drivers/STM32F1xx_HAL_Driver/Src/stm32f1xx_hal_cortex.o
 .ARM.attributes
                0x000002b4       0x2d ./Drivers/STM32F1xx_HAL_Driver/Src/stm32f1xx_hal_dma.o
 .ARM.attributes
                0x000002e1       0x2d ./Drivers/STM32F1xx_HAL_Driver/Src/stm32f1xx_hal_gpio.o
 .ARM.attributes
                0x0000030e       0x2d ./Drivers/STM32F1xx_HAL_Driver/Src/stm32f1xx_hal_i2c.o
 .ARM.attributes
                0x0000033b       0x2d ./Drivers/STM32F1xx_HAL_Driver/Src/stm32f1xx_hal_rcc.o
 .ARM.attributes
                0x00000368       0x2d ./Drivers/STM32F1xx_HAL_Driver/Src/stm32f1xx_hal_tim.o
 .ARM.attributes
                0x00000395       0x2d ./Drivers/STM32F1xx_HAL_Driver/Src/stm32f1xx_hal_tim_ex.o
 .ARM.attributes
                0x000003c2       0x2d ./Drivers/STM32F1xx_HAL_Driver/Src/stm32f1xx_hal_uart.o
 .ARM.attributes
                0x000003ef       0x2d ./Middlewares/Third_Party/FreeRTOS/Source/CMSIS_RTOS/cmsis_os.o
 .ARM.attributes
                0x0000041c       0x2d ./Middlewares/Third_Party/FreeRTOS/Source/list.o
 .ARM.attributes
                0x00000449       0x2d ./Middlewares/Third_Party/FreeRTOS/Source/queue.o
 .ARM.attributes
                0x00000476       0x2d ./Middlewares/Third_Party/FreeRTOS/Source/tasks.o
 .ARM.attributes
                0x000004a3       0x2d ./Middlewares/Third_Party/FreeRTOS/Source/portable/GCC/ARM_CM3/port.o
 .ARM.attributes
                0x000004d0       0x2d ./Middlewares/Third_Party/FreeRTOS/Source/portable/MemMang/heap_4.o
 .ARM.attributes
                0x000004fd       0x2d C:/ST/STM32CubeIDE_1.17.0/STM32CubeIDE/plugins/com.st.stm32cube.ide.mcu.externaltools.gnu-tools-for-stm32.12.3.rel1.win32_1.1.0.202410251130/tools/bin/../lib/gcc/arm-none-eabi/12.3.1/../../../../arm-none-eabi/lib/thumb/v7-m/nofp\libc_nano.a(libc_a-findfp.o)
 .ARM.attributes
                0x0000052a       0x2d C:/ST/STM32CubeIDE_1.17.0/STM32CubeIDE/plugins/com.st.stm32cube.ide.mcu.externaltools.gnu-tools-for-stm32.12.3.rel1.win32_1.1.0.202410251130/tools/bin/../lib/gcc/arm-none-eabi/12.3.1/../../../../arm-none-eabi/lib/thumb/v7-m/nofp\libc_nano.a(libc_a-memset.o)
 .ARM.attributes
                0x00000557       0x2d C:/ST/STM32CubeIDE_1.17.0/STM32CubeIDE/plugins/com.st.stm32cube.ide.mcu.externaltools.gnu-tools-for-stm32.12.3.rel1.win32_1.1.0.202410251130/tools/bin/../lib/gcc/arm-none-eabi/12.3.1/../../../../arm-none-eabi/lib/thumb/v7-m/nofp\libc_nano.a(libc_a-reent.o)
 .ARM.attributes
                0x00000584       0x2d C:/ST/STM32CubeIDE_1.17.0/STM32CubeIDE/plugins/com.st.stm32cube.ide.mcu.externaltools.gnu-tools-for-stm32.12.3.rel1.win32_1.1.0.202410251130/tools/bin/../lib/gcc/arm-none-eabi/12.3.1/../../../../arm-none-eabi/lib/thumb/v7-m/nofp\libc_nano.a(libc_a-impure.o)
 .ARM.attributes
                0x000005b1       0x2d C:/ST/STM32CubeIDE_1.17.0/STM32CubeIDE/plugins/com.st.stm32cube.ide.mcu.externaltools.gnu-tools-for-stm32.12.3.rel1.win32_1.1.0.202410251130/tools/bin/../lib/gcc/arm-none-eabi/12.3.1/../../../../arm-none-eabi/lib/thumb/v7-m/nofp\libc_nano.a(libc_a-init.o)
 .ARM.attributes
                0x000005de       0x2d C:/ST/STM32CubeIDE_1.17.0/STM32CubeIDE/plugins/com.st.stm32cube.ide.mcu.externaltools.gnu-tools-for-stm32.12.3.rel1.win32_1.1.0.202410251130/tools/bin/../lib/gcc/arm-none-eabi/12.3.1/../../../../arm-none-eabi/lib/thumb/v7-m/nofp\libc_nano.a(libc_a-lock.o)
 .ARM.attributes
                0x0000060b       0x2d C:/ST/STM32CubeIDE_1.17.0/STM32CubeIDE/plugins/com.st.stm32cube.ide.mcu.externaltools.gnu-tools-for-stm32.12.3.rel1.win32_1.1.0.202410251130/tools/bin/../lib/gcc/arm-none-eabi/12.3.1/../../../../arm-none-eabi/lib/thumb/v7-m/nofp\libc_nano.a(libc_a-strcpy.o)
 .ARM.attributes
                0x00000638       0x2d C:/ST/STM32CubeIDE_1.17.0/STM32CubeIDE/plugins/com.st.stm32cube.ide.mcu.externaltools.gnu-tools-for-stm32.12.3.rel1.win32_1.1.0.202410251130/tools/bin/../lib/gcc/arm-none-eabi/12.3.1/../../../../arm-none-eabi/lib/thumb/v7-m/nofp\libc_nano.a(libc_a-memcpy-stub.o)
 .ARM.attributes
                0x00000665       0x2d C:/ST/STM32CubeIDE_1.17.0/STM32CubeIDE/plugins/com.st.stm32cube.ide.mcu.externaltools.gnu-tools-for-stm32.12.3.rel1.win32_1.1.0.202410251130/tools/bin/../lib/gcc/arm-none-eabi/12.3.1/../../../../arm-none-eabi/lib/thumb/v7-m/nofp\libc_nano.a(libc_a-freer.o)
 .ARM.attributes
                0x00000692       0x2d C:/ST/STM32CubeIDE_1.17.0/STM32CubeIDE/plugins/com.st.stm32cube.ide.mcu.externaltools.gnu-tools-for-stm32.12.3.rel1.win32_1.1.0.202410251130/tools/bin/../lib/gcc/arm-none-eabi/12.3.1/../../../../arm-none-eabi/lib/thumb/v7-m/nofp\libc_nano.a(libc_a-mallocr.o)
 .ARM.attributes
                0x000006bf       0x2d C:/ST/STM32CubeIDE_1.17.0/STM32CubeIDE/plugins/com.st.stm32cube.ide.mcu.externaltools.gnu-tools-for-stm32.12.3.rel1.win32_1.1.0.202410251130/tools/bin/../lib/gcc/arm-none-eabi/12.3.1/../../../../arm-none-eabi/lib/thumb/v7-m/nofp\libc_nano.a(libc_a-mlock.o)
 .ARM.attributes
                0x000006ec       0x1d C:/ST/STM32CubeIDE_1.17.0/STM32CubeIDE/plugins/com.st.stm32cube.ide.mcu.externaltools.gnu-tools-for-stm32.12.3.rel1.win32_1.1.0.202410251130/tools/bin/../lib/gcc/arm-none-eabi/12.3.1/thumb/v7-m/nofp/crtn.o
OUTPUT(SmartWatch.elf elf32-littlearm)
LOAD linker stubs
LOAD C:/ST/STM32CubeIDE_1.17.0/STM32CubeIDE/plugins/com.st.stm32cube.ide.mcu.externaltools.gnu-tools-for-stm32.12.3.rel1.win32_1.1.0.202410251130/tools/bin/../lib/gcc/arm-none-eabi/12.3.1/../../../../arm-none-eabi/lib/thumb/v7-m/nofp\libc.a
LOAD C:/ST/STM32CubeIDE_1.17.0/STM32CubeIDE/plugins/com.st.stm32cube.ide.mcu.externaltools.gnu-tools-for-stm32.12.3.rel1.win32_1.1.0.202410251130/tools/bin/../lib/gcc/arm-none-eabi/12.3.1/../../../../arm-none-eabi/lib/thumb/v7-m/nofp\libm.a
LOAD C:/ST/STM32CubeIDE_1.17.0/STM32CubeIDE/plugins/com.st.stm32cube.ide.mcu.externaltools.gnu-tools-for-stm32.12.3.rel1.win32_1.1.0.202410251130/tools/bin/../lib/gcc/arm-none-eabi/12.3.1/thumb/v7-m/nofp\libgcc.a

.debug_info     0x00000000    0x18976
 .debug_info    0x00000000      0x7b8 ./Core/Src/adc.o
 .debug_info    0x000007b8      0xe2d ./Core/Src/freertos.o
 .debug_info    0x000015e5      0x42d ./Core/Src/gpio.o
 .debug_info    0x00001a12      0x7e3 ./Core/Src/i2c.o
 .debug_info    0x000021f5     0x1820 ./Core/Src/main.o
 .debug_info    0x00003a15      0x361 ./Core/Src/stm32f1xx_hal_msp.o
 .debug_info    0x00003d76      0x9a8 ./Core/Src/stm32f1xx_hal_timebase_tim.o
 .debug_info    0x0000471e      0x945 ./Core/Src/stm32f1xx_it.o
 .debug_info    0x00005063      0x222 ./Core/Src/system_stm32f1xx.o
 .debug_info    0x00005285      0x92a ./Core/Src/usart.o
 .debug_info    0x00005baf       0x30 ./Core/Startup/startup_stm32f103c8tx.o
 .debug_info    0x00005bdf      0x704 ./Drivers/STM32F1xx_HAL_Driver/Src/stm32f1xx_hal.o
 .debug_info    0x000062e3      0xc50 ./Drivers/STM32F1xx_HAL_Driver/Src/stm32f1xx_hal_adc.o
 .debug_info    0x00006f33      0xa87 ./Drivers/STM32F1xx_HAL_Driver/Src/stm32f1xx_hal_cortex.o
 .debug_info    0x000079ba      0x6d2 ./Drivers/STM32F1xx_HAL_Driver/Src/stm32f1xx_hal_dma.o
 .debug_info    0x0000808c      0x5ab ./Drivers/STM32F1xx_HAL_Driver/Src/stm32f1xx_hal_gpio.o
 .debug_info    0x00008637     0x2524 ./Drivers/STM32F1xx_HAL_Driver/Src/stm32f1xx_hal_i2c.o
 .debug_info    0x0000ab5b      0x7d5 ./Drivers/STM32F1xx_HAL_Driver/Src/stm32f1xx_hal_rcc.o
 .debug_info    0x0000b330     0x2959 ./Drivers/STM32F1xx_HAL_Driver/Src/stm32f1xx_hal_tim.o
 .debug_info    0x0000dc89     0x149b ./Drivers/STM32F1xx_HAL_Driver/Src/stm32f1xx_hal_tim_ex.o
 .debug_info    0x0000f124     0x2eed ./Drivers/STM32F1xx_HAL_Driver/Src/stm32f1xx_hal_uart.o
 .debug_info    0x00012011     0x21e2 ./Middlewares/Third_Party/FreeRTOS/Source/CMSIS_RTOS/cmsis_os.o
 .debug_info    0x000141f3      0x2af ./Middlewares/Third_Party/FreeRTOS/Source/list.o
 .debug_info    0x000144a2     0x17cd ./Middlewares/Third_Party/FreeRTOS/Source/queue.o
 .debug_info    0x00015c6f     0x239e ./Middlewares/Third_Party/FreeRTOS/Source/tasks.o
 .debug_info    0x0001800d      0x494 ./Middlewares/Third_Party/FreeRTOS/Source/portable/GCC/ARM_CM3/port.o
 .debug_info    0x000184a1      0x4d5 ./Middlewares/Third_Party/FreeRTOS/Source/portable/MemMang/heap_4.o

.debug_abbrev   0x00000000     0x3c4d
 .debug_abbrev  0x00000000      0x1e1 ./Core/Src/adc.o
 .debug_abbrev  0x000001e1      0x20b ./Core/Src/freertos.o
 .debug_abbrev  0x000003ec      0x18a ./Core/Src/gpio.o
 .debug_abbrev  0x00000576      0x1de ./Core/Src/i2c.o
 .debug_abbrev  0x00000754      0x3a6 ./Core/Src/main.o
 .debug_abbrev  0x00000afa      0x11c ./Core/Src/stm32f1xx_hal_msp.o
 .debug_abbrev  0x00000c16      0x1f3 ./Core/Src/stm32f1xx_hal_timebase_tim.o
 .debug_abbrev  0x00000e09      0x19d ./Core/Src/stm32f1xx_it.o
 .debug_abbrev  0x00000fa6      0x13f ./Core/Src/system_stm32f1xx.o
 .debug_abbrev  0x000010e5      0x205 ./Core/Src/usart.o
 .debug_abbrev  0x000012ea       0x24 ./Core/Startup/startup_stm32f103c8tx.o
 .debug_abbrev  0x0000130e      0x201 ./Drivers/STM32F1xx_HAL_Driver/Src/stm32f1xx_hal.o
 .debug_abbrev  0x0000150f      0x225 ./Drivers/STM32F1xx_HAL_Driver/Src/stm32f1xx_hal_adc.o
 .debug_abbrev  0x00001734      0x2f8 ./Drivers/STM32F1xx_HAL_Driver/Src/stm32f1xx_hal_cortex.o
 .debug_abbrev  0x00001a2c      0x20b ./Drivers/STM32F1xx_HAL_Driver/Src/stm32f1xx_hal_dma.o
 .debug_abbrev  0x00001c37      0x1ca ./Drivers/STM32F1xx_HAL_Driver/Src/stm32f1xx_hal_gpio.o
 .debug_abbrev  0x00001e01      0x2a3 ./Drivers/STM32F1xx_HAL_Driver/Src/stm32f1xx_hal_i2c.o
 .debug_abbrev  0x000020a4      0x2b3 ./Drivers/STM32F1xx_HAL_Driver/Src/stm32f1xx_hal_rcc.o
 .debug_abbrev  0x00002357      0x277 ./Drivers/STM32F1xx_HAL_Driver/Src/stm32f1xx_hal_tim.o
 .debug_abbrev  0x000025ce      0x282 ./Drivers/STM32F1xx_HAL_Driver/Src/stm32f1xx_hal_tim_ex.o
 .debug_abbrev  0x00002850      0x2f8 ./Drivers/STM32F1xx_HAL_Driver/Src/stm32f1xx_hal_uart.o
 .debug_abbrev  0x00002b48      0x416 ./Middlewares/Third_Party/FreeRTOS/Source/CMSIS_RTOS/cmsis_os.o
 .debug_abbrev  0x00002f5e       0xf5 ./Middlewares/Third_Party/FreeRTOS/Source/list.o
 .debug_abbrev  0x00003053      0x3b5 ./Middlewares/Third_Party/FreeRTOS/Source/queue.o
 .debug_abbrev  0x00003408      0x3d0 ./Middlewares/Third_Party/FreeRTOS/Source/tasks.o
 .debug_abbrev  0x000037d8      0x258 ./Middlewares/Third_Party/FreeRTOS/Source/portable/GCC/ARM_CM3/port.o
 .debug_abbrev  0x00003a30      0x21d ./Middlewares/Third_Party/FreeRTOS/Source/portable/MemMang/heap_4.o

.debug_aranges  0x00000000     0x16b0
 .debug_aranges
                0x00000000       0x30 ./Core/Src/adc.o
 .debug_aranges
                0x00000030       0x48 ./Core/Src/freertos.o
 .debug_aranges
                0x00000078       0x28 ./Core/Src/gpio.o
 .debug_aranges
                0x000000a0       0x30 ./Core/Src/i2c.o
 .debug_aranges
                0x000000d0       0xe0 ./Core/Src/main.o
 .debug_aranges
                0x000001b0       0x20 ./Core/Src/stm32f1xx_hal_msp.o
 .debug_aranges
                0x000001d0       0x30 ./Core/Src/stm32f1xx_hal_timebase_tim.o
 .debug_aranges
                0x00000200       0x68 ./Core/Src/stm32f1xx_it.o
 .debug_aranges
                0x00000268       0x28 ./Core/Src/system_stm32f1xx.o
 .debug_aranges
                0x00000290       0x30 ./Core/Src/usart.o
 .debug_aranges
                0x000002c0       0x28 ./Core/Startup/startup_stm32f103c8tx.o
 .debug_aranges
                0x000002e8       0xe0 ./Drivers/STM32F1xx_HAL_Driver/Src/stm32f1xx_hal.o
 .debug_aranges
                0x000003c8       0xf0 ./Drivers/STM32F1xx_HAL_Driver/Src/stm32f1xx_hal_adc.o
 .debug_aranges
                0x000004b8      0x100 ./Drivers/STM32F1xx_HAL_Driver/Src/stm32f1xx_hal_cortex.o
 .debug_aranges
                0x000005b8       0x80 ./Drivers/STM32F1xx_HAL_Driver/Src/stm32f1xx_hal_dma.o
 .debug_aranges
                0x00000638       0x58 ./Drivers/STM32F1xx_HAL_Driver/Src/stm32f1xx_hal_gpio.o
 .debug_aranges
                0x00000690      0x2a8 ./Drivers/STM32F1xx_HAL_Driver/Src/stm32f1xx_hal_i2c.o
 .debug_aranges
                0x00000938       0x90 ./Drivers/STM32F1xx_HAL_Driver/Src/stm32f1xx_hal_rcc.o
 .debug_aranges
                0x000009c8      0x3d0 ./Drivers/STM32F1xx_HAL_Driver/Src/stm32f1xx_hal_tim.o
 .debug_aranges
                0x00000d98      0x168 ./Drivers/STM32F1xx_HAL_Driver/Src/stm32f1xx_hal_tim_ex.o
 .debug_aranges
                0x00000f00      0x208 ./Drivers/STM32F1xx_HAL_Driver/Src/stm32f1xx_hal_uart.o
 .debug_aranges
                0x00001108      0x1d8 ./Middlewares/Third_Party/FreeRTOS/Source/CMSIS_RTOS/cmsis_os.o
 .debug_aranges
                0x000012e0       0x40 ./Middlewares/Third_Party/FreeRTOS/Source/list.o
 .debug_aranges
                0x00001320      0x108 ./Middlewares/Third_Party/FreeRTOS/Source/queue.o
 .debug_aranges
                0x00001428      0x1b8 ./Middlewares/Third_Party/FreeRTOS/Source/tasks.o
 .debug_aranges
                0x000015e0       0x78 ./Middlewares/Third_Party/FreeRTOS/Source/portable/GCC/ARM_CM3/port.o
 .debug_aranges
                0x00001658       0x58 ./Middlewares/Third_Party/FreeRTOS/Source/portable/MemMang/heap_4.o

.debug_rnglists
                0x00000000     0x11bb
 .debug_rnglists
                0x00000000       0x1f ./Core/Src/adc.o
 .debug_rnglists
                0x0000001f       0x32 ./Core/Src/freertos.o
 .debug_rnglists
                0x00000051       0x1a ./Core/Src/gpio.o
 .debug_rnglists
                0x0000006b       0x1f ./Core/Src/i2c.o
 .debug_rnglists
                0x0000008a       0xa8 ./Core/Src/main.o
 .debug_rnglists
                0x00000132       0x13 ./Core/Src/stm32f1xx_hal_msp.o
 .debug_rnglists
                0x00000145       0x20 ./Core/Src/stm32f1xx_hal_timebase_tim.o
 .debug_rnglists
                0x00000165       0x49 ./Core/Src/stm32f1xx_it.o
 .debug_rnglists
                0x000001ae       0x1a ./Core/Src/system_stm32f1xx.o
 .debug_rnglists
                0x000001c8       0x20 ./Core/Src/usart.o
 .debug_rnglists
                0x000001e8       0x19 ./Core/Startup/startup_stm32f103c8tx.o
 .debug_rnglists
                0x00000201       0xa3 ./Drivers/STM32F1xx_HAL_Driver/Src/stm32f1xx_hal.o
 .debug_rnglists
                0x000002a4       0xbc ./Drivers/STM32F1xx_HAL_Driver/Src/stm32f1xx_hal_adc.o
 .debug_rnglists
                0x00000360       0xbb ./Drivers/STM32F1xx_HAL_Driver/Src/stm32f1xx_hal_cortex.o
 .debug_rnglists
                0x0000041b       0x64 ./Drivers/STM32F1xx_HAL_Driver/Src/stm32f1xx_hal_dma.o
 .debug_rnglists
                0x0000047f       0x3f ./Drivers/STM32F1xx_HAL_Driver/Src/stm32f1xx_hal_gpio.o
 .debug_rnglists
                0x000004be      0x23c ./Drivers/STM32F1xx_HAL_Driver/Src/stm32f1xx_hal_i2c.o
 .debug_rnglists
                0x000006fa       0x6c ./Drivers/STM32F1xx_HAL_Driver/Src/stm32f1xx_hal_rcc.o
 .debug_rnglists
                0x00000766      0x31a ./Drivers/STM32F1xx_HAL_Driver/Src/stm32f1xx_hal_tim.o
 .debug_rnglists
                0x00000a80      0x125 ./Drivers/STM32F1xx_HAL_Driver/Src/stm32f1xx_hal_tim_ex.o
 .debug_rnglists
                0x00000ba5      0x1bc ./Drivers/STM32F1xx_HAL_Driver/Src/stm32f1xx_hal_uart.o
 .debug_rnglists
                0x00000d61      0x16a ./Middlewares/Third_Party/FreeRTOS/Source/CMSIS_RTOS/cmsis_os.o
 .debug_rnglists
                0x00000ecb       0x2b ./Middlewares/Third_Party/FreeRTOS/Source/list.o
 .debug_rnglists
                0x00000ef6       0xcd ./Middlewares/Third_Party/FreeRTOS/Source/queue.o
 .debug_rnglists
                0x00000fc3      0x15f ./Middlewares/Third_Party/FreeRTOS/Source/tasks.o
 .debug_rnglists
                0x00001122       0x57 ./Middlewares/Third_Party/FreeRTOS/Source/portable/GCC/ARM_CM3/port.o
 .debug_rnglists
                0x00001179       0x42 ./Middlewares/Third_Party/FreeRTOS/Source/portable/MemMang/heap_4.o

.debug_macro    0x00000000    0x1ad54
 .debug_macro   0x00000000      0x1d5 ./Core/Src/adc.o
 .debug_macro   0x000001d5      0xaa8 ./Core/Src/adc.o
 .debug_macro   0x00000c7d      0x227 ./Core/Src/adc.o
 .debug_macro   0x00000ea4       0x2e ./Core/Src/adc.o
 .debug_macro   0x00000ed2       0x22 ./Core/Src/adc.o
 .debug_macro   0x00000ef4       0x22 ./Core/Src/adc.o
 .debug_macro   0x00000f16       0x8e ./Core/Src/adc.o
 .debug_macro   0x00000fa4       0x51 ./Core/Src/adc.o
 .debug_macro   0x00000ff5      0x103 ./Core/Src/adc.o
 .debug_macro   0x000010f8       0x6a ./Core/Src/adc.o
 .debug_macro   0x00001162      0x1df ./Core/Src/adc.o
 .debug_macro   0x00001341       0x1c ./Core/Src/adc.o
 .debug_macro   0x0000135d       0x22 ./Core/Src/adc.o
 .debug_macro   0x0000137f       0xbd ./Core/Src/adc.o
 .debug_macro   0x0000143c      0xd23 ./Core/Src/adc.o
 .debug_macro   0x0000215f     0xe09e ./Core/Src/adc.o
 .debug_macro   0x000101fd       0x6d ./Core/Src/adc.o
 .debug_macro   0x0001026a     0x34a2 ./Core/Src/adc.o
 .debug_macro   0x0001370c      0x189 ./Core/Src/adc.o
 .debug_macro   0x00013895       0x5c ./Core/Src/adc.o
 .debug_macro   0x000138f1      0x5bc ./Core/Src/adc.o
 .debug_macro   0x00013ead      0x289 ./Core/Src/adc.o
 .debug_macro   0x00014136      0x1cb ./Core/Src/adc.o
 .debug_macro   0x00014301      0x114 ./Core/Src/adc.o
 .debug_macro   0x00014415      0x1b2 ./Core/Src/adc.o
 .debug_macro   0x000145c7       0x27 ./Core/Src/adc.o
 .debug_macro   0x000145ee      0x136 ./Core/Src/adc.o
 .debug_macro   0x00014724      0x1bc ./Core/Src/adc.o
 .debug_macro   0x000148e0       0x34 ./Core/Src/adc.o
 .debug_macro   0x00014914       0x3c ./Core/Src/adc.o
 .debug_macro   0x00014950       0x57 ./Core/Src/adc.o
 .debug_macro   0x000149a7      0x46a ./Core/Src/adc.o
 .debug_macro   0x00014e11      0x1b5 ./Core/Src/adc.o
 .debug_macro   0x00014fc6       0x87 ./Core/Src/adc.o
 .debug_macro   0x0001504d      0x240 ./Core/Src/adc.o
 .debug_macro   0x0001528d      0x287 ./Core/Src/adc.o
 .debug_macro   0x00015514      0x140 ./Core/Src/adc.o
 .debug_macro   0x00015654      0x8ed ./Core/Src/adc.o
 .debug_macro   0x00015f41      0x28e ./Core/Src/adc.o
 .debug_macro   0x000161cf       0x83 ./Core/Src/adc.o
 .debug_macro   0x00016252      0x31b ./Core/Src/freertos.o
 .debug_macro   0x0001656d       0xdc ./Core/Src/freertos.o
 .debug_macro   0x00016649      0x15a ./Core/Src/freertos.o
 .debug_macro   0x000167a3       0xde ./Core/Src/freertos.o
 .debug_macro   0x00016881       0x1c ./Core/Src/freertos.o
 .debug_macro   0x0001689d       0x26 ./Core/Src/freertos.o
 .debug_macro   0x000168c3       0x61 ./Core/Src/freertos.o
 .debug_macro   0x00016924       0x24 ./Core/Src/freertos.o
 .debug_macro   0x00016948       0x43 ./Core/Src/freertos.o
 .debug_macro   0x0001698b       0x34 ./Core/Src/freertos.o
 .debug_macro   0x000169bf       0x16 ./Core/Src/freertos.o
 .debug_macro   0x000169d5       0x43 ./Core/Src/freertos.o
 .debug_macro   0x00016a18       0x34 ./Core/Src/freertos.o
 .debug_macro   0x00016a4c       0x10 ./Core/Src/freertos.o
 .debug_macro   0x00016a5c       0x58 ./Core/Src/freertos.o
 .debug_macro   0x00016ab4       0x8e ./Core/Src/freertos.o
 .debug_macro   0x00016b42       0x1c ./Core/Src/freertos.o
 .debug_macro   0x00016b5e      0x177 ./Core/Src/freertos.o
 .debug_macro   0x00016cd5       0x10 ./Core/Src/freertos.o
 .debug_macro   0x00016ce5       0x35 ./Core/Src/freertos.o
 .debug_macro   0x00016d1a      0x513 ./Core/Src/freertos.o
 .debug_macro   0x0001722d       0xb5 ./Core/Src/freertos.o
 .debug_macro   0x000172e2       0xaa ./Core/Src/freertos.o
 .debug_macro   0x0001738c       0x91 ./Core/Src/freertos.o
 .debug_macro   0x0001741d       0x8d ./Core/Src/freertos.o
 .debug_macro   0x000174aa       0x7e ./Core/Src/freertos.o
 .debug_macro   0x00017528       0x19 ./Core/Src/freertos.o
 .debug_macro   0x00017541       0xf2 ./Core/Src/freertos.o
 .debug_macro   0x00017633      0x1da ./Core/Src/gpio.o
 .debug_macro   0x0001780d       0x28 ./Core/Src/gpio.o
 .debug_macro   0x00017835      0x1d5 ./Core/Src/i2c.o
 .debug_macro   0x00017a0a      0x3db ./Core/Src/main.o
 .debug_macro   0x00017de5       0xdc ./Core/Src/main.o
 .debug_macro   0x00017ec1       0x2e ./Core/Src/main.o
 .debug_macro   0x00017eef       0x1c ./Core/Src/main.o
 .debug_macro   0x00017f0b      0x369 ./Core/Src/main.o
 .debug_macro   0x00018274       0x10 ./Core/Src/main.o
 .debug_macro   0x00018284       0x1c ./Core/Src/main.o
 .debug_macro   0x000182a0       0x16 ./Core/Src/main.o
 .debug_macro   0x000182b6      0x146 ./Core/Src/main.o
 .debug_macro   0x000183fc       0x16 ./Core/Src/main.o
 .debug_macro   0x00018412       0x20 ./Core/Src/main.o
 .debug_macro   0x00018432      0x1cb ./Core/Src/stm32f1xx_hal_msp.o
 .debug_macro   0x000185fd      0x1c1 ./Core/Src/stm32f1xx_hal_timebase_tim.o
 .debug_macro   0x000187be      0x1d5 ./Core/Src/stm32f1xx_it.o
 .debug_macro   0x00018993      0x1c1 ./Core/Src/system_stm32f1xx.o
 .debug_macro   0x00018b54      0x1d5 ./Core/Src/usart.o
 .debug_macro   0x00018d29      0x1e5 ./Drivers/STM32F1xx_HAL_Driver/Src/stm32f1xx_hal.o
 .debug_macro   0x00018f0e      0x1de ./Drivers/STM32F1xx_HAL_Driver/Src/stm32f1xx_hal_adc.o
 .debug_macro   0x000190ec      0x1c1 ./Drivers/STM32F1xx_HAL_Driver/Src/stm32f1xx_hal_cortex.o
 .debug_macro   0x000192ad      0x1c1 ./Drivers/STM32F1xx_HAL_Driver/Src/stm32f1xx_hal_dma.o
 .debug_macro   0x0001946e      0x22c ./Drivers/STM32F1xx_HAL_Driver/Src/stm32f1xx_hal_gpio.o
 .debug_macro   0x0001969a      0x20f ./Drivers/STM32F1xx_HAL_Driver/Src/stm32f1xx_hal_i2c.o
 .debug_macro   0x000198a9      0x1d3 ./Drivers/STM32F1xx_HAL_Driver/Src/stm32f1xx_hal_rcc.o
 .debug_macro   0x00019a7c      0x1c2 ./Drivers/STM32F1xx_HAL_Driver/Src/stm32f1xx_hal_tim.o
 .debug_macro   0x00019c3e      0x1c1 ./Drivers/STM32F1xx_HAL_Driver/Src/stm32f1xx_hal_tim_ex.o
 .debug_macro   0x00019dff      0x1c2 ./Drivers/STM32F1xx_HAL_Driver/Src/stm32f1xx_hal_uart.o
 .debug_macro   0x00019fc1      0x210 ./Middlewares/Third_Party/FreeRTOS/Source/CMSIS_RTOS/cmsis_os.o
 .debug_macro   0x0001a1d1       0x10 ./Middlewares/Third_Party/FreeRTOS/Source/CMSIS_RTOS/cmsis_os.o
 .debug_macro   0x0001a1e1       0x16 ./Middlewares/Third_Party/FreeRTOS/Source/CMSIS_RTOS/cmsis_os.o
 .debug_macro   0x0001a1f7       0xab ./Middlewares/Third_Party/FreeRTOS/Source/CMSIS_RTOS/cmsis_os.o
 .debug_macro   0x0001a2a2      0x199 ./Middlewares/Third_Party/FreeRTOS/Source/list.o
 .debug_macro   0x0001a43b      0x228 ./Middlewares/Third_Party/FreeRTOS/Source/queue.o
 .debug_macro   0x0001a663       0x87 ./Middlewares/Third_Party/FreeRTOS/Source/queue.o
 .debug_macro   0x0001a6ea      0x28b ./Middlewares/Third_Party/FreeRTOS/Source/tasks.o
 .debug_macro   0x0001a975       0x10 ./Middlewares/Third_Party/FreeRTOS/Source/tasks.o
 .debug_macro   0x0001a985      0x20f ./Middlewares/Third_Party/FreeRTOS/Source/portable/GCC/ARM_CM3/port.o
 .debug_macro   0x0001ab94      0x1c0 ./Middlewares/Third_Party/FreeRTOS/Source/portable/MemMang/heap_4.o

.debug_line     0x00000000    0x1b499
 .debug_line    0x00000000      0x7b4 ./Core/Src/adc.o
 .debug_line    0x000007b4      0xa93 ./Core/Src/freertos.o
 .debug_line    0x00001247      0x777 ./Core/Src/gpio.o
 .debug_line    0x000019be      0x7aa ./Core/Src/i2c.o
 .debug_line    0x00002168      0xfb4 ./Core/Src/main.o
 .debug_line    0x0000311c      0x746 ./Core/Src/stm32f1xx_hal_msp.o
 .debug_line    0x00003862      0x7c1 ./Core/Src/stm32f1xx_hal_timebase_tim.o
 .debug_line    0x00004023      0x829 ./Core/Src/stm32f1xx_it.o
 .debug_line    0x0000484c      0x7c3 ./Core/Src/system_stm32f1xx.o
 .debug_line    0x0000500f      0x7b7 ./Core/Src/usart.o
 .debug_line    0x000057c6       0x78 ./Core/Startup/startup_stm32f103c8tx.o
 .debug_line    0x0000583e      0x9f0 ./Drivers/STM32F1xx_HAL_Driver/Src/stm32f1xx_hal.o
 .debug_line    0x0000622e     0x106d ./Drivers/STM32F1xx_HAL_Driver/Src/stm32f1xx_hal_adc.o
 .debug_line    0x0000729b      0xbdc ./Drivers/STM32F1xx_HAL_Driver/Src/stm32f1xx_hal_cortex.o
 .debug_line    0x00007e77      0xe49 ./Drivers/STM32F1xx_HAL_Driver/Src/stm32f1xx_hal_dma.o
 .debug_line    0x00008cc0      0xa89 ./Drivers/STM32F1xx_HAL_Driver/Src/stm32f1xx_hal_gpio.o
 .debug_line    0x00009749     0x3c8d ./Drivers/STM32F1xx_HAL_Driver/Src/stm32f1xx_hal_i2c.o
 .debug_line    0x0000d3d6      0xdf9 ./Drivers/STM32F1xx_HAL_Driver/Src/stm32f1xx_hal_rcc.o
 .debug_line    0x0000e1cf     0x3515 ./Drivers/STM32F1xx_HAL_Driver/Src/stm32f1xx_hal_tim.o
 .debug_line    0x000116e4     0x193f ./Drivers/STM32F1xx_HAL_Driver/Src/stm32f1xx_hal_tim_ex.o
 .debug_line    0x00013023     0x28cf ./Drivers/STM32F1xx_HAL_Driver/Src/stm32f1xx_hal_uart.o
 .debug_line    0x000158f2     0x1266 ./Middlewares/Third_Party/FreeRTOS/Source/CMSIS_RTOS/cmsis_os.o
 .debug_line    0x00016b58      0x796 ./Middlewares/Third_Party/FreeRTOS/Source/list.o
 .debug_line    0x000172ee     0x1517 ./Middlewares/Third_Party/FreeRTOS/Source/queue.o
 .debug_line    0x00018805     0x19d3 ./Middlewares/Third_Party/FreeRTOS/Source/tasks.o
 .debug_line    0x0001a1d8      0x901 ./Middlewares/Third_Party/FreeRTOS/Source/portable/GCC/ARM_CM3/port.o
 .debug_line    0x0001aad9      0x9c0 ./Middlewares/Third_Party/FreeRTOS/Source/portable/MemMang/heap_4.o

.debug_str      0x00000000    0x9ad91
 .debug_str     0x00000000    0x89a39 ./Core/Src/adc.o
                              0x89df6 (size before relaxing)
 .debug_str     0x00089a39     0x8354 ./Core/Src/freertos.o
                              0x91d68 (size before relaxing)
 .debug_str     0x00091d8d      0x379 ./Core/Src/gpio.o
                              0x89dd3 (size before relaxing)
 .debug_str     0x00092106      0x29d ./Core/Src/i2c.o
                              0x89f0b (size before relaxing)
 .debug_str     0x000923a3     0x24a3 ./Core/Src/main.o
                              0x941b8 (size before relaxing)
 .debug_str     0x00094846       0x5a ./Core/Src/stm32f1xx_hal_msp.o
                              0x89ccd (size before relaxing)
 .debug_str     0x000948a0      0x15d ./Core/Src/stm32f1xx_hal_timebase_tim.o
                              0x8a2cc (size before relaxing)
 .debug_str     0x000949fd      0x116 ./Core/Src/stm32f1xx_it.o
                              0x8a133 (size before relaxing)
 .debug_str     0x00094b13       0x7e ./Core/Src/system_stm32f1xx.o
                              0x89a04 (size before relaxing)
 .debug_str     0x00094b91       0x65 ./Core/Src/usart.o
                              0x8a1b4 (size before relaxing)
 .debug_str     0x00094bf6       0x44 ./Core/Startup/startup_stm32f103c8tx.o
                                 0x82 (size before relaxing)
 .debug_str     0x00094c3a      0x340 ./Drivers/STM32F1xx_HAL_Driver/Src/stm32f1xx_hal.o
                              0x8a137 (size before relaxing)
 .debug_str     0x00094f7a      0x34d ./Drivers/STM32F1xx_HAL_Driver/Src/stm32f1xx_hal_adc.o
                              0x8a0e8 (size before relaxing)
 .debug_str     0x000952c7      0x28b ./Drivers/STM32F1xx_HAL_Driver/Src/stm32f1xx_hal_cortex.o
                              0x8a083 (size before relaxing)
 .debug_str     0x00095552      0x216 ./Drivers/STM32F1xx_HAL_Driver/Src/stm32f1xx_hal_dma.o
                              0x89dad (size before relaxing)
 .debug_str     0x00095768      0x2a9 ./Drivers/STM32F1xx_HAL_Driver/Src/stm32f1xx_hal_gpio.o
                              0x89d8a (size before relaxing)
 .debug_str     0x00095a11      0xb5f ./Drivers/STM32F1xx_HAL_Driver/Src/stm32f1xx_hal_i2c.o
                              0x8aacb (size before relaxing)
 .debug_str     0x00096570      0x2c8 ./Drivers/STM32F1xx_HAL_Driver/Src/stm32f1xx_hal_rcc.o
                              0x89e33 (size before relaxing)
 .debug_str     0x00096838      0xe3e ./Drivers/STM32F1xx_HAL_Driver/Src/stm32f1xx_hal_tim.o
                              0x8ae35 (size before relaxing)
 .debug_str     0x00097676      0x503 ./Drivers/STM32F1xx_HAL_Driver/Src/stm32f1xx_hal_tim_ex.o
                              0x8a641 (size before relaxing)
 .debug_str     0x00097b79      0x5af ./Drivers/STM32F1xx_HAL_Driver/Src/stm32f1xx_hal_uart.o
                              0x8a4a4 (size before relaxing)
 .debug_str     0x00098128      0x983 ./Middlewares/Third_Party/FreeRTOS/Source/CMSIS_RTOS/cmsis_os.o
                               0xe8e5 (size before relaxing)
 .debug_str     0x00098aab      0x20f ./Middlewares/Third_Party/FreeRTOS/Source/list.o
                               0xaac6 (size before relaxing)
 .debug_str     0x00098cba      0x7dc ./Middlewares/Third_Party/FreeRTOS/Source/queue.o
                               0xc459 (size before relaxing)
 .debug_str     0x00099496      0xf60 ./Middlewares/Third_Party/FreeRTOS/Source/tasks.o
                               0xd180 (size before relaxing)
 .debug_str     0x0009a3f6      0x66e ./Middlewares/Third_Party/FreeRTOS/Source/portable/GCC/ARM_CM3/port.o
                               0xa165 (size before relaxing)
 .debug_str     0x0009aa64      0x32d ./Middlewares/Third_Party/FreeRTOS/Source/portable/MemMang/heap_4.o
                               0xb408 (size before relaxing)

.comment        0x00000000       0x43
 .comment       0x00000000       0x43 ./Core/Src/adc.o
                                 0x44 (size before relaxing)
 .comment       0x00000043       0x44 ./Core/Src/freertos.o
 .comment       0x00000043       0x44 ./Core/Src/gpio.o
 .comment       0x00000043       0x44 ./Core/Src/i2c.o
 .comment       0x00000043       0x44 ./Core/Src/main.o
 .comment       0x00000043       0x44 ./Core/Src/stm32f1xx_hal_msp.o
 .comment       0x00000043       0x44 ./Core/Src/stm32f1xx_hal_timebase_tim.o
 .comment       0x00000043       0x44 ./Core/Src/stm32f1xx_it.o
 .comment       0x00000043       0x44 ./Core/Src/system_stm32f1xx.o
 .comment       0x00000043       0x44 ./Core/Src/usart.o
 .comment       0x00000043       0x44 ./Drivers/STM32F1xx_HAL_Driver/Src/stm32f1xx_hal.o
 .comment       0x00000043       0x44 ./Drivers/STM32F1xx_HAL_Driver/Src/stm32f1xx_hal_adc.o
 .comment       0x00000043       0x44 ./Drivers/STM32F1xx_HAL_Driver/Src/stm32f1xx_hal_cortex.o
 .comment       0x00000043       0x44 ./Drivers/STM32F1xx_HAL_Driver/Src/stm32f1xx_hal_dma.o
 .comment       0x00000043       0x44 ./Drivers/STM32F1xx_HAL_Driver/Src/stm32f1xx_hal_gpio.o
 .comment       0x00000043       0x44 ./Drivers/STM32F1xx_HAL_Driver/Src/stm32f1xx_hal_i2c.o
 .comment       0x00000043       0x44 ./Drivers/STM32F1xx_HAL_Driver/Src/stm32f1xx_hal_rcc.o
 .comment       0x00000043       0x44 ./Drivers/STM32F1xx_HAL_Driver/Src/stm32f1xx_hal_tim.o
 .comment       0x00000043       0x44 ./Drivers/STM32F1xx_HAL_Driver/Src/stm32f1xx_hal_tim_ex.o
 .comment       0x00000043       0x44 ./Drivers/STM32F1xx_HAL_Driver/Src/stm32f1xx_hal_uart.o
 .comment       0x00000043       0x44 ./Middlewares/Third_Party/FreeRTOS/Source/CMSIS_RTOS/cmsis_os.o
 .comment       0x00000043       0x44 ./Middlewares/Third_Party/FreeRTOS/Source/list.o
 .comment       0x00000043       0x44 ./Middlewares/Third_Party/FreeRTOS/Source/queue.o
 .comment       0x00000043       0x44 ./Middlewares/Third_Party/FreeRTOS/Source/tasks.o
 .comment       0x00000043       0x44 ./Middlewares/Third_Party/FreeRTOS/Source/portable/GCC/ARM_CM3/port.o
 .comment       0x00000043       0x44 ./Middlewares/Third_Party/FreeRTOS/Source/portable/MemMang/heap_4.o

.debug_frame    0x00000000     0x61d4
 .debug_frame   0x00000000       0x7c ./Core/Src/adc.o
 .debug_frame   0x0000007c       0xe4 ./Core/Src/freertos.o
 .debug_frame   0x00000160       0x58 ./Core/Src/gpio.o
 .debug_frame   0x000001b8       0x74 ./Core/Src/i2c.o
 .debug_frame   0x0000022c      0x388 ./Core/Src/main.o
 .debug_frame   0x000005b4       0x34 ./Core/Src/stm32f1xx_hal_msp.o
 .debug_frame   0x000005e8       0x74 ./Core/Src/stm32f1xx_hal_timebase_tim.o
 .debug_frame   0x0000065c      0x118 ./Core/Src/stm32f1xx_it.o
 .debug_frame   0x00000774       0x58 ./Core/Src/system_stm32f1xx.o
 .debug_frame   0x000007cc       0x74 ./Core/Src/usart.o
 .debug_frame   0x00000840      0x334 ./Drivers/STM32F1xx_HAL_Driver/Src/stm32f1xx_hal.o
 .debug_frame   0x00000b74      0x40c ./Drivers/STM32F1xx_HAL_Driver/Src/stm32f1xx_hal_adc.o
 .debug_frame   0x00000f80      0x428 ./Drivers/STM32F1xx_HAL_Driver/Src/stm32f1xx_hal_cortex.o
 .debug_frame   0x000013a8      0x208 ./Drivers/STM32F1xx_HAL_Driver/Src/stm32f1xx_hal_dma.o
 .debug_frame   0x000015b0      0x14c ./Drivers/STM32F1xx_HAL_Driver/Src/stm32f1xx_hal_gpio.o
 .debug_frame   0x000016fc      0xc84 ./Drivers/STM32F1xx_HAL_Driver/Src/stm32f1xx_hal_i2c.o
 .debug_frame   0x00002380      0x218 ./Drivers/STM32F1xx_HAL_Driver/Src/stm32f1xx_hal_rcc.o
 .debug_frame   0x00002598     0x11b8 ./Drivers/STM32F1xx_HAL_Driver/Src/stm32f1xx_hal_tim.o
 .debug_frame   0x00003750      0x638 ./Drivers/STM32F1xx_HAL_Driver/Src/stm32f1xx_hal_tim_ex.o
 .debug_frame   0x00003d88      0x944 ./Drivers/STM32F1xx_HAL_Driver/Src/stm32f1xx_hal_uart.o
 .debug_frame   0x000046cc      0x80c ./Middlewares/Third_Party/FreeRTOS/Source/CMSIS_RTOS/cmsis_os.o
 .debug_frame   0x00004ed8       0xd8 ./Middlewares/Third_Party/FreeRTOS/Source/list.o
 .debug_frame   0x00004fb0      0x46c ./Middlewares/Third_Party/FreeRTOS/Source/queue.o
 .debug_frame   0x0000541c      0x77c ./Middlewares/Third_Party/FreeRTOS/Source/tasks.o
 .debug_frame   0x00005b98      0x198 ./Middlewares/Third_Party/FreeRTOS/Source/portable/GCC/ARM_CM3/port.o
 .debug_frame   0x00005d30      0x12c ./Middlewares/Third_Party/FreeRTOS/Source/portable/MemMang/heap_4.o
 .debug_frame   0x00005e5c      0x144 C:/ST/STM32CubeIDE_1.17.0/STM32CubeIDE/plugins/com.st.stm32cube.ide.mcu.externaltools.gnu-tools-for-stm32.12.3.rel1.win32_1.1.0.202410251130/tools/bin/../lib/gcc/arm-none-eabi/12.3.1/../../../../arm-none-eabi/lib/thumb/v7-m/nofp\libc_nano.a(libc_a-findfp.o)
 .debug_frame   0x00005fa0       0x20 C:/ST/STM32CubeIDE_1.17.0/STM32CubeIDE/plugins/com.st.stm32cube.ide.mcu.externaltools.gnu-tools-for-stm32.12.3.rel1.win32_1.1.0.202410251130/tools/bin/../lib/gcc/arm-none-eabi/12.3.1/../../../../arm-none-eabi/lib/thumb/v7-m/nofp\libc_nano.a(libc_a-memset.o)
 .debug_frame   0x00005fc0       0x38 C:/ST/STM32CubeIDE_1.17.0/STM32CubeIDE/plugins/com.st.stm32cube.ide.mcu.externaltools.gnu-tools-for-stm32.12.3.rel1.win32_1.1.0.202410251130/tools/bin/../lib/gcc/arm-none-eabi/12.3.1/../../../../arm-none-eabi/lib/thumb/v7-m/nofp\libc_nano.a(libc_a-reent.o)
 .debug_frame   0x00005ff8       0x2c C:/ST/STM32CubeIDE_1.17.0/STM32CubeIDE/plugins/com.st.stm32cube.ide.mcu.externaltools.gnu-tools-for-stm32.12.3.rel1.win32_1.1.0.202410251130/tools/bin/../lib/gcc/arm-none-eabi/12.3.1/../../../../arm-none-eabi/lib/thumb/v7-m/nofp\libc_nano.a(libc_a-init.o)
 .debug_frame   0x00006024       0xb0 C:/ST/STM32CubeIDE_1.17.0/STM32CubeIDE/plugins/com.st.stm32cube.ide.mcu.externaltools.gnu-tools-for-stm32.12.3.rel1.win32_1.1.0.202410251130/tools/bin/../lib/gcc/arm-none-eabi/12.3.1/../../../../arm-none-eabi/lib/thumb/v7-m/nofp\libc_nano.a(libc_a-lock.o)
 .debug_frame   0x000060d4       0x20 C:/ST/STM32CubeIDE_1.17.0/STM32CubeIDE/plugins/com.st.stm32cube.ide.mcu.externaltools.gnu-tools-for-stm32.12.3.rel1.win32_1.1.0.202410251130/tools/bin/../lib/gcc/arm-none-eabi/12.3.1/../../../../arm-none-eabi/lib/thumb/v7-m/nofp\libc_nano.a(libc_a-strcpy.o)
 .debug_frame   0x000060f4       0x28 C:/ST/STM32CubeIDE_1.17.0/STM32CubeIDE/plugins/com.st.stm32cube.ide.mcu.externaltools.gnu-tools-for-stm32.12.3.rel1.win32_1.1.0.202410251130/tools/bin/../lib/gcc/arm-none-eabi/12.3.1/../../../../arm-none-eabi/lib/thumb/v7-m/nofp\libc_nano.a(libc_a-memcpy-stub.o)
 .debug_frame   0x0000611c       0x38 C:/ST/STM32CubeIDE_1.17.0/STM32CubeIDE/plugins/com.st.stm32cube.ide.mcu.externaltools.gnu-tools-for-stm32.12.3.rel1.win32_1.1.0.202410251130/tools/bin/../lib/gcc/arm-none-eabi/12.3.1/../../../../arm-none-eabi/lib/thumb/v7-m/nofp\libc_nano.a(libc_a-freer.o)
 .debug_frame   0x00006154       0x50 C:/ST/STM32CubeIDE_1.17.0/STM32CubeIDE/plugins/com.st.stm32cube.ide.mcu.externaltools.gnu-tools-for-stm32.12.3.rel1.win32_1.1.0.202410251130/tools/bin/../lib/gcc/arm-none-eabi/12.3.1/../../../../arm-none-eabi/lib/thumb/v7-m/nofp\libc_nano.a(libc_a-mallocr.o)
 .debug_frame   0x000061a4       0x30 C:/ST/STM32CubeIDE_1.17.0/STM32CubeIDE/plugins/com.st.stm32cube.ide.mcu.externaltools.gnu-tools-for-stm32.12.3.rel1.win32_1.1.0.202410251130/tools/bin/../lib/gcc/arm-none-eabi/12.3.1/../../../../arm-none-eabi/lib/thumb/v7-m/nofp\libc_nano.a(libc_a-mlock.o)

.debug_line_str
                0x00000000       0x66
 .debug_line_str
                0x00000000       0x66 ./Core/Startup/startup_stm32f103c8tx.o
