../Core/Src/main.c:121:13:OLED_WriteCmd	32	static
../Core/Src/main.c:126:13:OLED_WriteData	32	static
../Core/Src/main.c:131:6:OLED_Init	8	static
../Core/Src/main.c:154:6:OLED_Clear	16	static
../Core/Src/main.c:165:6:OLED_ShowString	16	static
../Core/Src/main.c:172:6:OLED_ShowNum	16	static
../Core/Src/main.c:177:6:OLED_Update	4	static
../Core/Src/main.c:184:9:MPU6050_Init	32	static
../Core/Src/main.c:196:6:MPU6050_Read_Accel	48	static
../Core/Src/main.c:204:6:MPU6050_Read_Gyro	48	static
../Core/Src/main.c:213:10:MPU6050_GetSteps	16	static
../Core/Src/main.c:230:6:Bluetooth_SendData	16	static
../Core/Src/main.c:235:6:Bluetooth_Process	120	static
../Core/Src/main.c:267:6:Page_Switch	16	static
../Core/Src/main.c:276:6:Page_Refresh	48	static
../Core/Src/main.c:314:6:Encoder_IRQ_Handler	16	static
../Core/Src/main.c:340:6:StartTaskDisplay	16	static
../Core/Src/main.c:351:6:StartTaskSensor	56	static
../Core/Src/main.c:400:6:StartTaskBluetooth	16	static
../Core/Src/main.c:411:6:StartTaskEncoder	24	static
../Core/Src/main.c:442:6:HAL_UART_RxCpltCallback	16	static
../Core/Src/main.c:463:5:main	8	static
../Core/Src/main.c:508:6:SystemClock_Config	4	static
../Core/Src/main.c:509:6:Error_Handler	4	static
../Core/Src/main.c:510:6:HAL_TIM_PeriodElapsedCallback	16	static
